Component: ARM Compiler 5.06 update 7 (build 960) Tool: armlink [4d3601]

==============================================================================

Section Cross References

    startup_stm32f103xb.o(STACK) refers (Special) to heapauxi.o(.text) for __use_two_region_memory
    startup_stm32f103xb.o(HEAP) refers (Special) to heapauxi.o(.text) for __use_two_region_memory
    startup_stm32f103xb.o(RESET) refers (Special) to heapauxi.o(.text) for __use_two_region_memory
    startup_stm32f103xb.o(RESET) refers to startup_stm32f103xb.o(STACK) for __initial_sp
    startup_stm32f103xb.o(RESET) refers to startup_stm32f103xb.o(.text) for Reset_Handler
    startup_stm32f103xb.o(RESET) refers to stm32f1xx_it.o(i.NMI_Handler) for NMI_Handler
    startup_stm32f103xb.o(RESET) refers to stm32f1xx_it.o(i.HardFault_Handler) for HardFault_Handler
    startup_stm32f103xb.o(RESET) refers to stm32f1xx_it.o(i.MemManage_Handler) for MemManage_Handler
    startup_stm32f103xb.o(RESET) refers to stm32f1xx_it.o(i.BusFault_Handler) for BusFault_Handler
    startup_stm32f103xb.o(RESET) refers to stm32f1xx_it.o(i.UsageFault_Handler) for UsageFault_Handler
    startup_stm32f103xb.o(RESET) refers to stm32f1xx_it.o(i.SVC_Handler) for SVC_Handler
    startup_stm32f103xb.o(RESET) refers to stm32f1xx_it.o(i.DebugMon_Handler) for DebugMon_Handler
    startup_stm32f103xb.o(RESET) refers to stm32f1xx_it.o(i.PendSV_Handler) for PendSV_Handler
    startup_stm32f103xb.o(RESET) refers to stm32f1xx_it.o(i.SysTick_Handler) for SysTick_Handler
    startup_stm32f103xb.o(.text) refers (Special) to heapauxi.o(.text) for __use_two_region_memory
    startup_stm32f103xb.o(.text) refers to system_stm32f1xx.o(i.SystemInit) for SystemInit
    startup_stm32f103xb.o(.text) refers to __main.o(!!!main) for __main
    startup_stm32f103xb.o(.text) refers to startup_stm32f103xb.o(HEAP) for Heap_Mem
    startup_stm32f103xb.o(.text) refers to startup_stm32f103xb.o(STACK) for Stack_Mem
    main.o(i.SystemClock_Config) refers to rt_memclr_w.o(.text) for __aeabi_memclr4
    main.o(i.SystemClock_Config) refers to stm32f1xx_hal_rcc.o(i.HAL_RCC_OscConfig) for HAL_RCC_OscConfig
    main.o(i.SystemClock_Config) refers to stm32f1xx_hal_rcc.o(i.HAL_RCC_ClockConfig) for HAL_RCC_ClockConfig
    main.o(i.SystemClock_Config) refers to stm32f1xx_hal_rcc_ex.o(i.HAL_RCCEx_PeriphCLKConfig) for HAL_RCCEx_PeriphCLKConfig
    main.o(i.fputc) refers to stm32f1xx_hal_uart.o(i.HAL_UART_Transmit) for HAL_UART_Transmit
    main.o(i.fputc) refers to usart.o(.bss) for huart1
    main.o(i.main) refers to _printf_percent.o(.ARM.Collect$$_printf_percent$$00000000) for _printf_percent
    main.o(i.main) refers to _printf_u.o(.ARM.Collect$$_printf_percent$$0000000A) for _printf_u
    main.o(i.main) refers to _printf_f.o(.ARM.Collect$$_printf_percent$$00000003) for _printf_f
    main.o(i.main) refers to _printf_dec.o(.text) for _printf_int_dec
    main.o(i.main) refers to printf1.o(x$fpl$printf1) for _printf_fp_dec
    main.o(i.main) refers to stm32f1xx_hal.o(i.HAL_Init) for HAL_Init
    main.o(i.main) refers to main.o(i.SystemClock_Config) for SystemClock_Config
    main.o(i.main) refers to gpio.o(i.MX_GPIO_Init) for MX_GPIO_Init
    main.o(i.main) refers to adc.o(i.MX_ADC1_Init) for MX_ADC1_Init
    main.o(i.main) refers to usart.o(i.MX_USART1_UART_Init) for MX_USART1_UART_Init
    main.o(i.main) refers to stm32f1xx_hal_adc.o(i.HAL_ADC_Start) for HAL_ADC_Start
    main.o(i.main) refers to stm32f1xx_hal_adc.o(i.HAL_ADC_PollForConversion) for HAL_ADC_PollForConversion
    main.o(i.main) refers to stm32f1xx_hal_adc.o(i.HAL_ADC_GetValue) for HAL_ADC_GetValue
    main.o(i.main) refers to fflt_clz.o(x$fpl$ffltu) for __aeabi_ui2f
    main.o(i.main) refers to fmul.o(x$fpl$fmul) for __aeabi_fmul
    main.o(i.main) refers to fdiv.o(x$fpl$fdiv) for __aeabi_fdiv
    main.o(i.main) refers to f2d.o(x$fpl$f2d) for __aeabi_f2d
    main.o(i.main) refers to noretval__2printf.o(.text) for __2printf
    main.o(i.main) refers to stm32f1xx_hal_adc.o(i.HAL_ADC_Stop) for HAL_ADC_Stop
    main.o(i.main) refers to stm32f1xx_hal.o(i.HAL_Delay) for HAL_Delay
    main.o(i.main) refers to adc.o(.bss) for hadc1
    adc.o(i.HAL_ADC_MspDeInit) refers to stm32f1xx_hal_gpio.o(i.HAL_GPIO_DeInit) for HAL_GPIO_DeInit
    adc.o(i.HAL_ADC_MspInit) refers to stm32f1xx_hal_gpio.o(i.HAL_GPIO_Init) for HAL_GPIO_Init
    adc.o(i.MX_ADC1_Init) refers to stm32f1xx_hal_adc.o(i.HAL_ADC_Init) for HAL_ADC_Init
    adc.o(i.MX_ADC1_Init) refers to main.o(i.Error_Handler) for Error_Handler
    adc.o(i.MX_ADC1_Init) refers to stm32f1xx_hal_adc.o(i.HAL_ADC_ConfigChannel) for HAL_ADC_ConfigChannel
    adc.o(i.MX_ADC1_Init) refers to adc.o(.bss) for .bss
    usart.o(i.HAL_UART_MspDeInit) refers to stm32f1xx_hal_gpio.o(i.HAL_GPIO_DeInit) for HAL_GPIO_DeInit
    usart.o(i.HAL_UART_MspInit) refers to stm32f1xx_hal_gpio.o(i.HAL_GPIO_Init) for HAL_GPIO_Init
    usart.o(i.MX_USART1_UART_Init) refers to stm32f1xx_hal_uart.o(i.HAL_UART_Init) for HAL_UART_Init
[...]
    ../clib/signal.c                         0x00000000   Number         0  defsig_fpe_inner.o ABSOLUTE
    ../clib/signal.c                         0x00000000   Number         0  defsig_stak_inner.o ABSOLUTE
    ../clib/signal.c                         0x00000000   Number         0  defsig_pvfn_inner.o ABSOLUTE
    ../clib/signal.c                         0x00000000   Number         0  defsig_cppl_inner.o ABSOLUTE
    ../clib/signal.c                         0x00000000   Number         0  defsig_segv_inner.o ABSOLUTE
    ../clib/signal.c                         0x00000000   Number         0  defsig_other.o ABSOLUTE
    ../clib/signal.s                         0x00000000   Number         0  defsig.o ABSOLUTE
    ../clib/stdio.c                          0x00000000   Number         0  stdio_streams.o ABSOLUTE
    ../clib/stdio.c                          0x00000000   Number         0  streamlock.o ABSOLUTE
    ../clib/stdio.c                          0x00000000   Number         0  setvbuf.o ABSOLUTE
    ../clib/stdio.c                          0x00000000   Number         0  stdio.o ABSOLUTE
    ../clib/stdio.c                          0x00000000   Number         0  fclose.o ABSOLUTE
    ../clib/stdio.c                          0x00000000   Number         0  initio_locked.o ABSOLUTE
    ../clib/stdio.c                          0x00000000   Number         0  ferror.o ABSOLUTE
    ../clib/stdio.c                          0x00000000   Number         0  ferror_locked.o ABSOLUTE
    ../clib/stdio.c                          0x00000000   Number         0  ftell.o ABSOLUTE
    ../clib/stdio.c                          0x00000000   Number         0  initio.o ABSOLUTE
    ../clib/stdio.c                          0x00000000   Number         0  fopen_locked.o ABSOLUTE
    ../clib/stdio.c                          0x00000000   Number         0  setvbuf_locked.o ABSOLUTE
    ../clib/stdio.c                          0x00000000   Number         0  fseek.o ABSOLUTE
    ../clib/stdio.c                          0x00000000   Number         0  fopen.o ABSOLUTE
    ../clib/stdlib.c                         0x00000000   Number         0  exit.o ABSOLUTE
    ../clib/string.c                         0x00000000   Number         0  strlen.o ABSOLUTE
    ../fplib/dretinf.s                       0x00000000   Number         0  dretinf.o ABSOLUTE
    ../fplib/f2d.s                           0x00000000   Number         0  f2d.o ABSOLUTE
    ../fplib/fdiv.s                          0x00000000   Number         0  fdiv.o ABSOLUTE
    ../fplib/fflt.s                          0x00000000   Number         0  fflt_clz.o ABSOLUTE
    ../fplib/fmul.s                          0x00000000   Number         0  fmul.o ABSOLUTE
    ../fplib/fnaninf.s                       0x00000000   Number         0  fnaninf.o ABSOLUTE
    ../fplib/fpinit.s                        0x00000000   Number         0  fpinit.o ABSOLUTE
    ../fplib/fretinf.s                       0x00000000   Number         0  fretinf.o ABSOLUTE
    ../fplib/istatus.s                       0x00000000   Number         0  istatus.o ABSOLUTE
    ../fplib/printf1.s                       0x00000000   Number         0  printf1.o ABSOLUTE
    ../fplib/usenofp.s                       0x00000000   Number         0  usenofp.o ABSOLUTE
    ../mathlib/fpclassify.c                  0x00000000   Number         0  fpclassify.o ABSOLUTE
    ..\Core\Src\adc.c                        0x00000000   Number         0  adc.o ABSOLUTE
    ..\Core\Src\gpio.c                       0x00000000   Number         0  gpio.o ABSOLUTE
    ..\Core\Src\main.c                       0x00000000   Number         0  main.o ABSOLUTE
    ..\Core\Src\stm32f1xx_hal_msp.c          0x00000000   Number         0  stm32f1xx_hal_msp.o ABSOLUTE
    ..\Core\Src\stm32f1xx_it.c               0x00000000   Number         0  stm32f1xx_it.o ABSOLUTE
    ..\Core\Src\system_stm32f1xx.c           0x00000000   Number         0  system_stm32f1xx.o ABSOLUTE
    ..\Core\Src\usart.c                      0x00000000   Number         0  usart.o ABSOLUTE
    ..\Drivers\STM32F1xx_HAL_Driver\Src\stm32f1xx_hal.c 0x00000000   Number         0  stm32f1xx_hal.o ABSOLUTE
    ..\Drivers\STM32F1xx_HAL_Driver\Src\stm32f1xx_hal_adc.c 0x00000000   Number         0  stm32f1xx_hal_adc.o ABSOLUTE
    ..\Drivers\STM32F1xx_HAL_Driver\Src\stm32f1xx_hal_adc_ex.c 0x00000000   Number         0  stm32f1xx_hal_adc_ex.o ABSOLUTE
    ..\Drivers\STM32F1xx_HAL_Driver\Src\stm32f1xx_hal_cortex.c 0x00000000   Number         0  stm32f1xx_hal_cortex.o ABSOLUTE
    ..\Drivers\STM32F1xx_HAL_Driver\Src\stm32f1xx_hal_dma.c 0x00000000   Number         0  stm32f1xx_hal_dma.o ABSOLUTE
    ..\Drivers\STM32F1xx_HAL_Driver\Src\stm32f1xx_hal_exti.c 0x00000000   Number         0  stm32f1xx_hal_exti.o ABSOLUTE
    ..\Drivers\STM32F1xx_HAL_Driver\Src\stm32f1xx_hal_flash.c 0x00000000   Number         0  stm32f1xx_hal_flash.o ABSOLUTE
    ..\Drivers\STM32F1xx_HAL_Driver\Src\stm32f1xx_hal_flash_ex.c 0x00000000   Number         0  stm32f1xx_hal_flash_ex.o ABSOLUTE
    ..\Drivers\STM32F1xx_HAL_Driver\Src\stm32f1xx_hal_gpio.c 0x00000000   Number         0  stm32f1xx_hal_gpio.o ABSOLUTE
    ..\Drivers\STM32F1xx_HAL_Driver\Src\stm32f1xx_hal_gpio_ex.c 0x00000000   Number         0  stm32f1xx_hal_gpio_ex.o ABSOLUTE
    ..\Drivers\STM32F1xx_HAL_Driver\Src\stm32f1xx_hal_pwr.c 0x00000000   Number         0  stm32f1xx_hal_pwr.o ABSOLUTE
    ..\Drivers\STM32F1xx_HAL_Driver\Src\stm32f1xx_hal_rcc.c 0x00000000   Number         0  stm32f1xx_hal_rcc.o ABSOLUTE
    ..\Drivers\STM32F1xx_HAL_Driver\Src\stm32f1xx_hal_rcc_ex.c 0x00000000   Number         0  stm32f1xx_hal_rcc_ex.o ABSOLUTE
    ..\Drivers\STM32F1xx_HAL_Driver\Src\stm32f1xx_hal_uart.c 0x00000000   Number         0  stm32f1xx_hal_uart.o ABSOLUTE
    dc.s                                     0x00000000   Number         0  dc.o ABSOLUTE
    startup_stm32f103xb.s                    0x00000000   Number         0  startup_stm32f103xb.o ABSOLUTE
    RESET                                    0x08000000   Section      236  startup_stm32f103xb.o(RESET)
    !!!main                                  0x080000ec   Section        8  __main.o(!!!main)
    !!!scatter                               0x080000f4   Section       52  __scatter.o(!!!scatter)
    !!handler_copy                           0x08000128   Section       26  __scatter_copy.o(!!handler_copy)
    !!handler_zi                             0x08000144   Section       28  __scatter_zi.o(!!handler_zi)
    .ARM.Collect$$_printf_percent$$00000000  0x08000160   Section        0  _printf_percent.o(.ARM.Collect$$_printf_percent$$00000000)
    .ARM.Collect$$_printf_percent$$00000003  0x08000160   Section        6  _printf_f.o(.ARM.Collect$$_printf_percent$$00000003)
    .ARM.Collect$$_printf_percent$$0000000A  0x08000166   Section        6  _printf_u.o(.ARM.Collect$$_printf_percent$$0000000A)
    .ARM.Collect$$_printf_percent$$00000017  0x0800016c   Section        4  _printf_percent_end.o(.ARM.Collect$$_printf_percent$$00000017)
    .ARM.Collect$$libinit$$00000000          0x08000170   Section        2  libinit.o(.ARM.Collect$$libinit$$00000000)
    .ARM.Collect$$libinit$$00000002          0x08000172   Section        0  libinit2.o(.ARM.Collect$$libinit$$00000002)
    .ARM.Collect$$libinit$$00000004          0x08000172   Section        0  libinit2.o(.ARM.Collect$$libinit$$00000004)
    .ARM.Collect$$libinit$$00000005          0x08000172   Section        8  libinit2.o(.ARM.Collect$$libinit$$00000005)
    .ARM.Collect$$libinit$$0000000A          0x0800017a   Section        0  libinit2.o(.ARM.Collect$$libinit$$0000000A)
    .ARM.Collect$$libinit$$0000000C          0x0800017a   Section        0  libinit2.o(.ARM.Collect$$libinit$$0000000C)
    .ARM.Collect$$libinit$$0000000E          0x0800017a   Section        0  libinit2.o(.ARM.Collect$$libinit$$0000000E)
    .ARM.Collect$$libinit$$0000000F          0x0800017a   Section        6  libinit2.o(.ARM.Collect$$libinit$$0000000F)
    .ARM.Collect$$libinit$$00000011          0x08000180   Section        0  libinit2.o(.ARM.Collect$$libinit$$00000011)
    .ARM.Collect$$libinit$$00000013          0x08000180   Section        0  libinit2.o(.ARM.Collect$$libinit$$00000013)
    .ARM.Collect$$libinit$$00000015          0x08000180   Section        0  libinit2.o(.ARM.Collect$$libinit$$00000015)
    .ARM.Collect$$libinit$$00000016          0x08000180   Section       10  libinit2.o(.ARM.Collect$$libinit$$00000016)
    .ARM.Collect$$libinit$$00000017          0x0800018a   Section        0  libinit2.o(.ARM.Collect$$libinit$$00000017)
    .ARM.Collect$$libinit$$00000019          0x0800018a   Section        0  libinit2.o(.ARM.Collect$$libinit$$00000019)
    .ARM.Collect$$libinit$$0000001B          0x0800018a   Section        0  libinit2.o(.ARM.Collect$$libinit$$0000001B)
    .ARM.Collect$$libinit$$0000001D          0x0800018a   Section        0  libinit2.o(.ARM.Collect$$libinit$$0000001D)
    .ARM.Collect$$libinit$$0000001F          0x0800018a   Section        0  libinit2.o(.ARM.Collect$$libinit$$0000001F)
    .ARM.Collect$$libinit$$00000021          0x0800018a   Section        0  libinit2.o(.ARM.Collect$$libinit$$00000021)
    .ARM.Collect$$libinit$$00000023          0x0800018a   Section        0  libinit2.o(.ARM.Collect$$libinit$$00000023)
    .ARM.Collect$$libinit$$00000024          0x0800018a   Section        4  libinit2.o(.ARM.Collect$$libinit$$00000024)
    .ARM.Collect$$libinit$$00000025          0x0800018e   Section        0  libinit2.o(.ARM.Collect$$libinit$$00000025)
    .ARM.Collect$$libinit$$0000002C          0x0800018e   Section        0  libinit2.o(.ARM.Collect$$libinit$$0000002C)
    .ARM.Collect$$libinit$$0000002E          0x0800018e   Section        0  libinit2.o(.ARM.Collect$$libinit$$0000002E)
    .ARM.Collect$$libinit$$00000030          0x0800018e   Section        0  libinit2.o(.ARM.Collect$$libinit$$00000030)
    .ARM.Collect$$libinit$$00000032          0x0800018e   Section        0  libinit2.o(.ARM.Collect$$libinit$$00000032)
    .ARM.Collect$$libinit$$00000033          0x0800018e   Section        2  libinit2.o(.ARM.Collect$$libinit$$00000033)
    .ARM.Collect$$libshutdown$$00000000      0x08000190   Section        2  libshutdown.o(.ARM.Collect$$libshutdown$$00000000)
    .ARM.Collect$$libshutdown$$00000002      0x08000192   Section        0  libshutdown2.o(.ARM.Collect$$libshutdown$$00000002)
    .ARM.Collect$$libshutdown$$00000004      0x08000192   Section        0  libshutdown2.o(.ARM.Collect$$libshutdown$$00000004)
    .ARM.Collect$$libshutdown$$00000005      0x08000192   Section        4  libshutdown2.o(.ARM.Collect$$libshutdown$$00000005)
    .ARM.Collect$$libshutdown$$00000006      0x08000196   Section        0  libshutdown2.o(.ARM.Collect$$libshutdown$$00000006)
    .ARM.Collect$$libshutdown$$00000009      0x08000196   Section        0  libshutdown2.o(.ARM.Collect$$libshutdown$$00000009)
    .ARM.Collect$$libshutdown$$0000000C      0x08000196   Section        0  libshutdown2.o(.ARM.Collect$$libshutdown$$0000000C)
    .ARM.Collect$$libshutdown$$0000000E      0x08000196   Section        0  libshutdown2.o(.ARM.Collect$$libshutdown$$0000000E)
    .ARM.Collect$$libshutdown$$00000011      0x08000196   Section        0  libshutdown2.o(.ARM.Collect$$libshutdown$$00000011)
    .ARM.Collect$$libshutdown$$00000012      0x08000196   Section        2  libshutdown2.o(.ARM.Collect$$libshutdown$$00000012)
    .ARM.Collect$$rtentry$$00000000          0x08000198   Section        0  __rtentry.o(.ARM.Collect$$rtentry$$00000000)
    .ARM.Collect$$rtentry$$00000002          0x08000198   Section        0  __rtentry2.o(.ARM.Collect$$rtentry$$00000002)
    .ARM.Collect$$rtentry$$00000004          0x08000198   Section        6  __rtentry4.o(.ARM.Collect$$rtentry$$00000004)
    .ARM.Collect$$rtentry$$00000009          0x0800019e   Section        0  __rtentry2.o(.ARM.Collect$$rtentry$$00000009)
    .ARM.Collect$$rtentry$$0000000A          0x0800019e   Section        4  __rtentry2.o(.ARM.Collect$$rtentry$$0000000A)
    .ARM.Collect$$rtentry$$0000000C          0x080001a2   Section        0  __rtentry2.o(.ARM.Collect$$rtentry$$0000000C)
    .ARM.Collect$$rtentry$$0000000D          0x080001a2   Section        8  __rtentry2.o(.ARM.Collect$$rtentry$$0000000D)
    .ARM.Collect$$rtexit$$00000000           0x080001aa   Section        2  rtexit.o(.ARM.Collect$$rtexit$$00000000)
    .ARM.Collect$$rtexit$$00000002           0x080001ac   Section        0  rtexit2.o(.ARM.Collect$$rtexit$$00000002)
    .ARM.Collect$$rtexit$$00000003           0x080001ac   Section        4  rtexit2.o(.ARM.Collect$$rtexit$$00000003)
    .ARM.Collect$$rtexit$$00000004           0x080001b0   Section        6  rtexit2.o(.ARM.Collect$$rtexit$$00000004)
    .emb_text                                0x080001b8   Section        0  maybetermalloc1.o(.emb_text)
    .text                                    0x080001b8   Section       64  startup_stm32f103xb.o(.text)
    .text                                    0x080001f8   Section        0  noretval__2printf.o(.text)
    .text                                    0x08000210   Section        0  _printf_dec.o(.text)
    .text                                    0x08000288   Section        0  __printf_ss_wp.o(.text)
    .text                                    0x080003e8   Section       78  rt_memclr_w.o(.text)
    .text                                    0x08000436   Section        0  heapauxi.o(.text)
    .text                                    0x0800043c   Section        0  _printf_intcommon.o(.text)
    .text                                    0x080004ee   Section        0  _printf_fp_dec.o(.text)
    _fp_digits                               0x080004f1   Thumb Code   432  _printf_fp_dec.o(.text)
    .text                                    0x0800090c   Section        0  _printf_char_file.o(.text)
    .text                                    0x08000930   Section        8  rt_locale_intlibspace.o(.text)
    .text                                    0x08000938   Section      138  lludiv10.o(.text)
    .text                                    0x080009c4   Section        0  _printf_char_common.o(.text)
    _printf_input_char                       0x080009c5   Thumb Code    10  _printf_char_common.o(.text)
    .text                                    0x080009f4   Section        0  _printf_fp_infnan.o(.text)
    .text                                    0x08000a74   Section        0  bigflt0.o(.text)
    .text                                    0x08000b58   Section        0  ferror.o(.text)
    .text                                    0x08000b60   Section        0  initio.o(.text)
    .text                                    0x08000c98   Section        0  sys_io.o(.text)
    .text                                    0x08000d00   Section        8  libspace.o(.text)
    .text                                    0x08000d08   Section       74  sys_stackheap_outer.o(.text)
    .text                                    0x08000d52   Section        0  h1_free.o(.text)
    .text                                    0x08000da0   Section        0  setvbuf.o(.text)
    .text                                    0x08000de8   Section        0  fopen.o(.text)
    _freopen_locked                          0x08000de9   Thumb Code     0  fopen.o(.text)
    .text                                    0x08000ed4   Section        0  fclose.o(.text)
    .text                                    0x08000f20   Section        0  exit.o(.text)
    .text                                    0x08000f32   Section        0  defsig_rtred_outer.o(.text)
    .text                                    0x08000f40   Section      128  strcmpv7m.o(.text)
    .text                                    0x08000fc0   Section        2  use_no_semi.o(.text)
    .text                                    0x08000fc2   Section        0  indicate_semi.o(.text)
    .text                                    0x08000fc4   Section        8  rt_heap_descriptor_intlibspace.o(.text)
    .text                                    0x08000fcc   Section        0  hguard.o(.text)
    .text                                    0x08000fd0   Section        0  init_alloc.o(.text)
    .text                                    0x0800105a   Section        0  h1_alloc.o(.text)
    .text                                    0x080010b8   Section        0  fseek.o(.text)
    .text                                    0x080011b0   Section        0  stdio.o(.text)
    .text                                    0x080012a0   Section        0  defsig_exit.o(.text)
    .text                                    0x080012ac   Section        0  defsig_rtred_inner.o(.text)
    .text                                    0x080012e0   Section        0  strlen.o(.text)
    .text                                    0x08001320   Section        0  sys_exit.o(.text)
    .text                                    0x0800132c   Section        0  h1_init.o(.text)
    .text                                    0x0800133a   Section        0  h1_extend.o(.text)
    .text                                    0x0800136e   Section        0  ftell.o(.text)
    .text                                    0x080013b0   Section        0  defsig_general.o(.text)
    .text                                    0x080013e2   Section        0  defsig_rtmem_outer.o(.text)
    .text                                    0x080013f0   Section        0  sys_wrch.o(.text)
    .text                                    0x08001400   Section        8  rt_errno_addr_intlibspace.o(.text)
    .text                                    0x08001408   Section        0  defsig_rtmem_inner.o(.text)
    CL$$btod_d2e                             0x08001458   Section       62  btod.o(CL$$btod_d2e)
    CL$$btod_d2e_denorm_low                  0x08001496   Section       70  btod.o(CL$$btod_d2e_denorm_low)
    CL$$btod_d2e_norm_op1                    0x080014dc   Section       96  btod.o(CL$$btod_d2e_norm_op1)
    CL$$btod_div_common                      0x0800153c   Section      824  btod.o(CL$$btod_div_common)
    CL$$btod_e2e                             0x08001874   Section      220  btod.o(CL$$btod_e2e)
    CL$$btod_ediv                            0x08001950   Section       42  btod.o(CL$$btod_ediv)
    CL$$btod_emul                            0x0800197a   Section       42  btod.o(CL$$btod_emul)
    CL$$btod_mult_common                     0x080019a4   Section      580  btod.o(CL$$btod_mult_common)
    i.ADC_ConversionStop_Disable             0x08001be8   Section        0  stm32f1xx_hal_adc.o(i.ADC_ConversionStop_Disable)
    i.ADC_Enable                             0x08001c40   Section        0  stm32f1xx_hal_adc.o(i.ADC_Enable)
    i.BusFault_Handler                       0x08001cbc   Section        0  stm32f1xx_it.o(i.BusFault_Handler)
    i.DebugMon_Handler                       0x08001cbe   Section        0  stm32f1xx_it.o(i.DebugMon_Handler)
    i.Error_Handler                          0x08001cc0   Section        0  main.o(i.Error_Handler)
    i.HAL_ADC_ConfigChannel                  0x08001cc4   Section        0  stm32f1xx_hal_adc.o(i.HAL_ADC_ConfigChannel)
    i.HAL_ADC_GetValue                       0x08001dc0   Section        0  stm32f1xx_hal_adc.o(i.HAL_ADC_GetValue)
    i.HAL_ADC_Init                           0x08001dc8   Section        0  stm32f1xx_hal_adc.o(i.HAL_ADC_Init)
    i.HAL_ADC_MspInit                        0x08001ee4   Section        0  adc.o(i.HAL_ADC_MspInit)
    i.HAL_ADC_PollForConversion              0x08001f3c   Section        0  stm32f1xx_hal_adc.o(i.HAL_ADC_PollForConversion)
    i.HAL_ADC_Start                          0x08002078   Section        0  stm32f1xx_hal_adc.o(i.HAL_ADC_Start)
    i.HAL_ADC_Stop                           0x08002138   Section        0  stm32f1xx_hal_adc.o(i.HAL_ADC_Stop)
    i.HAL_Delay                              0x0800216c   Section        0  stm32f1xx_hal.o(i.HAL_Delay)
    i.HAL_GPIO_Init                          0x08002190   Section        0  stm32f1xx_hal_gpio.o(i.HAL_GPIO_Init)
    i.HAL_GetTick                            0x08002370   Section        0  stm32f1xx_hal.o(i.HAL_GetTick)
    i.HAL_IncTick                            0x0800237c   Section        0  stm32f1xx_hal.o(i.HAL_IncTick)
    i.HAL_Init                               0x0800238c   Section        0  stm32f1xx_hal.o(i.HAL_Init)
    i.HAL_InitTick                           0x080023b0   Section        0  stm32f1xx_hal.o(i.HAL_InitTick)
    i.HAL_MspInit                            0x080023f0   Section        0  stm32f1xx_hal_msp.o(i.HAL_MspInit)
    i.HAL_NVIC_SetPriority                   0x0800242c   Section        0  stm32f1xx_hal_cortex.o(i.HAL_NVIC_SetPriority)
    i.HAL_NVIC_SetPriorityGrouping           0x0800246c   Section        0  stm32f1xx_hal_cortex.o(i.HAL_NVIC_SetPriorityGrouping)
    i.HAL_RCCEx_GetPeriphCLKFreq             0x08002490   Section        0  stm32f1xx_hal_rcc_ex.o(i.HAL_RCCEx_GetPeriphCLKFreq)
    i.HAL_RCCEx_PeriphCLKConfig              0x08002534   Section        0  stm32f1xx_hal_rcc_ex.o(i.HAL_RCCEx_PeriphCLKConfig)
    i.HAL_RCC_ClockConfig                    0x08002620   Section        0  stm32f1xx_hal_rcc.o(i.HAL_RCC_ClockConfig)
    i.HAL_RCC_GetPCLK1Freq                   0x0800274c   Section        0  stm32f1xx_hal_rcc.o(i.HAL_RCC_GetPCLK1Freq)
    i.HAL_RCC_GetPCLK2Freq                   0x0800276c   Section        0  stm32f1xx_hal_rcc.o(i.HAL_RCC_GetPCLK2Freq)
    i.HAL_RCC_GetSysClockFreq                0x0800278c   Section        0  stm32f1xx_hal_rcc.o(i.HAL_RCC_GetSysClockFreq)
    i.HAL_RCC_OscConfig                      0x080027d8   Section        0  stm32f1xx_hal_rcc.o(i.HAL_RCC_OscConfig)
    i.HAL_SYSTICK_Config                     0x08002af8   Section        0  stm32f1xx_hal_cortex.o(i.HAL_SYSTICK_Config)
    i.HAL_UART_Init                          0x08002b20   Section        0  stm32f1xx_hal_uart.o(i.HAL_UART_Init)
    i.HAL_UART_MspInit                       0x08002b84   Section        0  usart.o(i.HAL_UART_MspInit)
    i.HAL_UART_Transmit                      0x08002bf4   Section        0  stm32f1xx_hal_uart.o(i.HAL_UART_Transmit)
    i.HardFault_Handler                      0x08002c94   Section        0  stm32f1xx_it.o(i.HardFault_Handler)
    i.MX_ADC1_Init                           0x08002c98   Section        0  adc.o(i.MX_ADC1_Init)
    i.MX_GPIO_Init                           0x08002ce8   Section        0  gpio.o(i.MX_GPIO_Init)
    i.MX_USART1_UART_Init                    0x08002d14   Section        0  usart.o(i.MX_USART1_UART_Init)
    i.MemManage_Handler                      0x08002d4c   Section        0  stm32f1xx_it.o(i.MemManage_Handler)
    i.NMI_Handler                            0x08002d4e   Section        0  stm32f1xx_it.o(i.NMI_Handler)
    i.PendSV_Handler                         0x08002d50   Section        0  stm32f1xx_it.o(i.PendSV_Handler)
    i.SVC_Handler                            0x08002d52   Section        0  stm32f1xx_it.o(i.SVC_Handler)
    i.SysTick_Handler                        0x08002d54   Section        0  stm32f1xx_it.o(i.SysTick_Handler)
    i.SystemClock_Config                     0x08002d58   Section        0  main.o(i.SystemClock_Config)
    i.SystemInit                             0x08002dd0   Section        0  system_stm32f1xx.o(i.SystemInit)
    i.UART_EndRxTransfer                     0x08002dd2   Section        0  stm32f1xx_hal_uart.o(i.UART_EndRxTransfer)
    UART_EndRxTransfer                       0x08002dd3   Thumb Code    78  stm32f1xx_hal_uart.o(i.UART_EndRxTransfer)
    i.UART_SetConfig                         0x08002e20   Section        0  stm32f1xx_hal_uart.o(i.UART_SetConfig)
    UART_SetConfig                           0x08002e21   Thumb Code   178  stm32f1xx_hal_uart.o(i.UART_SetConfig)
    i.UART_WaitOnFlagUntilTimeout            0x08002ed8   Section        0  stm32f1xx_hal_uart.o(i.UART_WaitOnFlagUntilTimeout)
    UART_WaitOnFlagUntilTimeout              0x08002ed9   Thumb Code   114  stm32f1xx_hal_uart.o(i.UART_WaitOnFlagUntilTimeout)
    i.UsageFault_Handler                     0x08002f4a   Section        0  stm32f1xx_it.o(i.UsageFault_Handler)
    i.__ARM_fpclassify                       0x08002f4c   Section        0  fpclassify.o(i.__ARM_fpclassify)
    i.__NVIC_SetPriority                     0x08002f74   Section        0  stm32f1xx_hal_cortex.o(i.__NVIC_SetPriority)
    __NVIC_SetPriority                       0x08002f75   Thumb Code    32  stm32f1xx_hal_cortex.o(i.__NVIC_SetPriority)
    i._is_digit                              0x08002f94   Section        0  __printf_wp.o(i._is_digit)
    i.fputc                                  0x08002fa4   Section        0  main.o(i.fputc)
    i.main                                   0x08002fbc   Section        0  main.o(i.main)
    locale$$code                             0x08003054   Section       44  lc_numeric_c.o(locale$$code)
    x$fpl$dretinf                            0x08003080   Section       12  dretinf.o(x$fpl$dretinf)
    x$fpl$f2d                                0x0800308c   Section       86  f2d.o(x$fpl$f2d)
    x$fpl$fdiv                               0x080030e4   Section      388  fdiv.o(x$fpl$fdiv)
    _fdiv1                                   0x080030e5   Thumb Code     0  fdiv.o(x$fpl$fdiv)
    x$fpl$ffltu                              0x08003268   Section       38  fflt_clz.o(x$fpl$ffltu)
    x$fpl$fmul                               0x08003290   Section      258  fmul.o(x$fpl$fmul)
    x$fpl$fnaninf                            0x08003392   Section      140  fnaninf.o(x$fpl$fnaninf)
    x$fpl$fretinf                            0x0800341e   Section       10  fretinf.o(x$fpl$fretinf)
    x$fpl$printf1                            0x08003428   Section        4  printf1.o(x$fpl$printf1)
    .constdata                               0x0800342c   Section       18  stm32f1xx_hal_rcc.o(.constdata)
    x$fpl$usenofp                            0x0800342c   Section        0  usenofp.o(x$fpl$usenofp)
    aPredivFactorTable                       0x0800342c   Data           2  stm32f1xx_hal_rcc.o(.constdata)
    aPLLMULFactorTable                       0x0800342e   Data          16  stm32f1xx_hal_rcc.o(.constdata)
    .constdata                               0x0800343e   Section       18  stm32f1xx_hal_rcc_ex.o(.constdata)
    aPredivFactorTable                       0x0800343e   Data           2  stm32f1xx_hal_rcc_ex.o(.constdata)
    aPLLMULFactorTable                       0x08003440   Data          16  stm32f1xx_hal_rcc_ex.o(.constdata)
    .constdata                               0x08003450   Section       16  system_stm32f1xx.o(.constdata)
    .constdata                               0x08003460   Section        8  system_stm32f1xx.o(.constdata)
    .constdata                               0x08003468   Section      148  bigflt0.o(.constdata)
    tenpwrs_x                                0x08003468   Data          60  bigflt0.o(.constdata)
    tenpwrs_i                                0x080034a4   Data          64  bigflt0.o(.constdata)
    .constdata                               0x080034fc   Section        4  sys_io.o(.constdata)
    .constdata                               0x08003500   Section        4  sys_io.o(.constdata)
    .constdata                               0x08003504   Section        4  sys_io.o(.constdata)
    locale$$data                             0x08003528   Section       28  lc_numeric_c.o(locale$$data)
    __lcnum_c_name                           0x0800352c   Data           2  lc_numeric_c.o(locale$$data)
    __lcnum_c_start                          0x08003534   Data           0  lc_numeric_c.o(locale$$data)
    __lcnum_c_point                          0x08003540   Data           0  lc_numeric_c.o(locale$$data)
    __lcnum_c_thousands                      0x08003542   Data           0  lc_numeric_c.o(locale$$data)
    __lcnum_c_grouping                       0x08003543   Data           0  lc_numeric_c.o(locale$$data)
    __lcnum_c_end                            0x08003544   Data           0  lc_numeric_c.o(locale$$data)
    .data                                    0x20000000   Section       12  stm32f1xx_hal.o(.data)
    .data                                    0x2000000c   Section        4  system_stm32f1xx.o(.data)
    .data                                    0x20000010   Section        4  stdio_streams.o(.data)
    .data                                    0x20000014   Section        4  stdio_streams.o(.data)
    .data                                    0x20000018   Section        4  stdio_streams.o(.data)
    .bss                                     0x2000001c   Section       48  adc.o(.bss)
    .bss                                     0x2000004c   Section       72  usart.o(.bss)
    .bss                                     0x20000094   Section       84  stdio_streams.o(.bss)
    .bss                                     0x200000e8   Section       84  stdio_streams.o(.bss)
    .bss                                     0x2000013c   Section       84  stdio_streams.o(.bss)
    .bss                                     0x20000190   Section       96  libspace.o(.bss)
    HEAP                                     0x200001f0   Section      512  startup_stm32f103xb.o(HEAP)
    Heap_Mem                                 0x200001f0   Data         512  startup_stm32f103xb.o(HEAP)
    STACK                                    0x200003f0   Section     1024  startup_stm32f103xb.o(STACK)
    Stack_Mem                                0x200003f0   Data        1024  startup_stm32f103xb.o(STACK)
    __initial_sp                             0x200007f0   Data           0  startup_stm32f103xb.o(STACK)

    Global Symbols

    Symbol Name                              Value     Ov Type        Size  Object(Section)

    BuildAttributes$$THM_ISAv4$P$D$K$B$S$PE$A:L22UL41UL21$X:L11$S22US41US21$IEEE1$IW$USESV6$~STKCKD$USESV7$~SHL$OTIME$ROPI$IEEEJ$EBA8$UX$STANDARDLIB$REQ8$PRES8$EABIv2 0x00000000   Number         0  anon$$obj.o ABSOLUTE
    __ARM_use_no_argv                        0x00000000   Number         0  main.o ABSOLUTE
    _printf_flags                            0x00000000   Number         0  printf_stubs.o ABSOLUTE
    _printf_return_value                     0x00000000   Number         0  printf_stubs.o ABSOLUTE
    _printf_sizespec                         0x00000000   Number         0  printf_stubs.o ABSOLUTE
    _printf_widthprec                        0x00000000   Number         0  printf_stubs.o ABSOLUTE
    __ARM_exceptions_init                     - Undefined Weak Reference
    __alloca_initialize                       - Undefined Weak Reference
    __arm_fini_                               - Undefined Weak Reference
    __arm_preinit_                            - Undefined Weak Reference
    __cpp_initialize__aeabi_                  - Undefined Weak Reference
    __cxa_finalize                            - Undefined Weak Reference
    __sigvec_lookup                           - Undefined Weak Reference
    __user_heap_extent                        - Undefined Weak Reference
    _atexit_init                              - Undefined Weak Reference
    _call_atexit_fns                          - Undefined Weak Reference
    _clock_init                               - Undefined Weak Reference
    _fp_trap_init                             - Undefined Weak Reference
    _fp_trap_shutdown                         - Undefined Weak Reference
    _get_lc_collate                           - Undefined Weak Reference
    _get_lc_ctype                             - Undefined Weak Reference
    _get_lc_monetary                          - Undefined Weak Reference
    _get_lc_time                              - Undefined Weak Reference
    _getenv_init                              - Undefined Weak Reference
    _handle_redirection                       - Undefined Weak Reference
    _mutex_acquire                            - Undefined Weak Reference
    _mutex_free                               - Undefined Weak Reference
    _mutex_release                            - Undefined Weak Reference
    _printf_post_padding                      - Undefined Weak Reference
    _printf_pre_padding                       - Undefined Weak Reference
    _printf_truncate_signed                   - Undefined Weak Reference
    _printf_truncate_unsigned                 - Undefined Weak Reference
    _rand_init                                - Undefined Weak Reference
    _signal_finish                            - Undefined Weak Reference
    _signal_init                              - Undefined Weak Reference
    __Vectors_Size                           0x000000ec   Number         0  startup_stm32f103xb.o ABSOLUTE
    __Vectors                                0x08000000   Data           4  startup_stm32f103xb.o(RESET)
    __Vectors_End                            0x080000ec   Data           0  startup_stm32f103xb.o(RESET)
    __main                                   0x080000ed   Thumb Code     8  __main.o(!!!main)
    __scatterload                            0x080000f5   Thumb Code     0  __scatter.o(!!!scatter)
    __scatterload_rt2                        0x080000f5   Thumb Code    44  __scatter.o(!!!scatter)
    __scatterload_rt2_thumb_only             0x080000f5   Thumb Code     0  __scatter.o(!!!scatter)
    __scatterload_null                       0x08000103   Thumb Code     0  __scatter.o(!!!scatter)
    __scatterload_copy                       0x08000129   Thumb Code    26  __scatter_copy.o(!!handler_copy)
    __scatterload_zeroinit                   0x08000145   Thumb Code    28  __scatter_zi.o(!!handler_zi)
    _printf_f                                0x08000161   Thumb Code     0  _printf_f.o(.ARM.Collect$$_printf_percent$$00000003)
    _printf_percent                          0x08000161   Thumb Code     0  _printf_percent.o(.ARM.Collect$$_printf_percent$$00000000)
    _printf_u                                0x08000167   Thumb Code     0  _printf_u.o(.ARM.Collect$$_printf_percent$$0000000A)
    _printf_percent_end                      0x0800016d   Thumb Code     0  _printf_percent_end.o(.ARM.Collect$$_printf_percent$$00000017)
    __rt_lib_init                            0x08000171   Thumb Code     0  libinit.o(.ARM.Collect$$libinit$$00000000)
    __rt_lib_init_fp_1                       0x08000173   Thumb Code     0  libinit2.o(.ARM.Collect$$libinit$$00000002)
    __rt_lib_init_heap_2                     0x08000173   Thumb Code     0  libinit2.o(.ARM.Collect$$libinit$$00000005)
    __rt_lib_init_preinit_1                  0x08000173   Thumb Code     0  libinit2.o(.ARM.Collect$$libinit$$00000004)
    __rt_lib_init_heap_1                     0x0800017b   Thumb Code     0  libinit2.o(.ARM.Collect$$libinit$$0000000A)
    __rt_lib_init_lc_common                  0x0800017b   Thumb Code     0  libinit2.o(.ARM.Collect$$libinit$$0000000F)
    __rt_lib_init_rand_1                     0x0800017b   Thumb Code     0  libinit2.o(.ARM.Collect$$libinit$$0000000E)
    __rt_lib_init_user_alloc_1               0x0800017b   Thumb Code     0  libinit2.o(.ARM.Collect$$libinit$$0000000C)
    __rt_lib_init_lc_collate_1               0x08000181   Thumb Code     0  libinit2.o(.ARM.Collect$$libinit$$00000011)
    __rt_lib_init_lc_ctype_1                 0x08000181   Thumb Code     0  libinit2.o(.ARM.Collect$$libinit$$00000013)
    __rt_lib_init_lc_monetary_1              0x08000181   Thumb Code     0  libinit2.o(.ARM.Collect$$libinit$$00000015)
    __rt_lib_init_lc_numeric_2               0x08000181   Thumb Code     0  libinit2.o(.ARM.Collect$$libinit$$00000016)
    __rt_lib_init_atexit_1                   0x0800018b   Thumb Code     0  libinit2.o(.ARM.Collect$$libinit$$0000001B)
    __rt_lib_init_clock_1                    0x0800018b   Thumb Code     0  libinit2.o(.ARM.Collect$$libinit$$00000021)
    __rt_lib_init_fp_trap_1                  0x0800018b   Thumb Code     0  libinit2.o(.ARM.Collect$$libinit$$0000001F)
    __rt_lib_init_getenv_1                   0x0800018b   Thumb Code     0  libinit2.o(.ARM.Collect$$libinit$$00000023)
    __rt_lib_init_lc_numeric_1               0x0800018b   Thumb Code     0  libinit2.o(.ARM.Collect$$libinit$$00000017)
    __rt_lib_init_lc_time_1                  0x0800018b   Thumb Code     0  libinit2.o(.ARM.Collect$$libinit$$00000019)
    __rt_lib_init_signal_1                   0x0800018b   Thumb Code     0  libinit2.o(.ARM.Collect$$libinit$$0000001D)
    __rt_lib_init_stdio_2                    0x0800018b   Thumb Code     0  libinit2.o(.ARM.Collect$$libinit$$00000024)
    __rt_lib_init_alloca_1                   0x0800018f   Thumb Code     0  libinit2.o(.ARM.Collect$$libinit$$0000002E)
    __rt_lib_init_argv_1                     0x0800018f   Thumb Code     0  libinit2.o(.ARM.Collect$$libinit$$0000002C)
    __rt_lib_init_cpp_1                      0x0800018f   Thumb Code     0  libinit2.o(.ARM.Collect$$libinit$$00000032)
    __rt_lib_init_exceptions_1               0x0800018f   Thumb Code     0  libinit2.o(.ARM.Collect$$libinit$$00000030)
    __rt_lib_init_return                     0x0800018f   Thumb Code     0  libinit2.o(.ARM.Collect$$libinit$$00000033)
    __rt_lib_init_stdio_1                    0x0800018f   Thumb Code     0  libinit2.o(.ARM.Collect$$libinit$$00000025)
    __rt_lib_shutdown                        0x08000191   Thumb Code     0  libshutdown.o(.ARM.Collect$$libshutdown$$00000000)
    __rt_lib_shutdown_cpp_1                  0x08000193   Thumb Code     0  libshutdown2.o(.ARM.Collect$$libshutdown$$00000004)
    __rt_lib_shutdown_fini_1                 0x08000193   Thumb Code     0  libshutdown2.o(.ARM.Collect$$libshutdown$$00000002)
    __rt_lib_shutdown_stdio_2                0x08000193   Thumb Code     0  libshutdown2.o(.ARM.Collect$$libshutdown$$00000005)
    __rt_lib_shutdown_fp_trap_1              0x08000197   Thumb Code     0  libshutdown2.o(.ARM.Collect$$libshutdown$$00000009)
    __rt_lib_shutdown_heap_1                 0x08000197   Thumb Code     0  libshutdown2.o(.ARM.Collect$$libshutdown$$00000011)
    __rt_lib_shutdown_return                 0x08000197   Thumb Code     0  libshutdown2.o(.ARM.Collect$$libshutdown$$00000012)
    __rt_lib_shutdown_signal_1               0x08000197   Thumb Code     0  libshutdown2.o(.ARM.Collect$$libshutdown$$0000000C)
    __rt_lib_shutdown_stdio_1                0x08000197   Thumb Code     0  libshutdown2.o(.ARM.Collect$$libshutdown$$00000006)
    __rt_lib_shutdown_user_alloc_1           0x08000197   Thumb Code     0  libshutdown2.o(.ARM.Collect$$libshutdown$$0000000E)
    __rt_entry                               0x08000199   Thumb Code     0  __rtentry.o(.ARM.Collect$$rtentry$$00000000)
    __rt_entry_presh_1                       0x08000199   Thumb Code     0  __rtentry2.o(.ARM.Collect$$rtentry$$00000002)
    __rt_entry_sh                            0x08000199   Thumb Code     0  __rtentry4.o(.ARM.Collect$$rtentry$$00000004)
    __rt_entry_li                            0x0800019f   Thumb Code     0  __rtentry2.o(.ARM.Collect$$rtentry$$0000000A)
    __rt_entry_postsh_1                      0x0800019f   Thumb Code     0  __rtentry2.o(.ARM.Collect$$rtentry$$00000009)
    __rt_entry_main                          0x080001a3   Thumb Code     0  __rtentry2.o(.ARM.Collect$$rtentry$$0000000D)
    __rt_entry_postli_1                      0x080001a3   Thumb Code     0  __rtentry2.o(.ARM.Collect$$rtentry$$0000000C)
    __rt_exit                                0x080001ab   Thumb Code     0  rtexit.o(.ARM.Collect$$rtexit$$00000000)
    __rt_exit_ls                             0x080001ad   Thumb Code     0  rtexit2.o(.ARM.Collect$$rtexit$$00000003)
    __rt_exit_prels_1                        0x080001ad   Thumb Code     0  rtexit2.o(.ARM.Collect$$rtexit$$00000002)
    __rt_exit_exit                           0x080001b1   Thumb Code     0  rtexit2.o(.ARM.Collect$$rtexit$$00000004)
    Reset_Handler                            0x080001b9   Thumb Code     8  startup_stm32f103xb.o(.text)
    _maybe_terminate_alloc                   0x080001b9   Thumb Code     0  maybetermalloc1.o(.emb_text)
    ADC1_2_IRQHandler                        0x080001d3   Thumb Code     0  startup_stm32f103xb.o(.text)
    CAN1_RX1_IRQHandler                      0x080001d3   Thumb Code     0  startup_stm32f103xb.o(.text)
    CAN1_SCE_IRQHandler                      0x080001d3   Thumb Code     0  startup_stm32f103xb.o(.text)
    DMA1_Channel1_IRQHandler                 0x080001d3   Thumb Code     0  startup_stm32f103xb.o(.text)
    DMA1_Channel2_IRQHandler                 0x080001d3   Thumb Code     0  startup_stm32f103xb.o(.text)
    DMA1_Channel3_IRQHandler                 0x080001d3   Thumb Code     0  startup_stm32f103xb.o(.text)
    DMA1_Channel4_IRQHandler                 0x080001d3   Thumb Code     0  startup_stm32f103xb.o(.text)
    DMA1_Channel5_IRQHandler                 0x080001d3   Thumb Code     0  startup_stm32f103xb.o(.text)
    DMA1_Channel6_IRQHandler                 0x080001d3   Thumb Code     0  startup_stm32f103xb.o(.text)
    DMA1_Channel7_IRQHandler                 0x080001d3   Thumb Code     0  startup_stm32f103xb.o(.text)
    EXTI0_IRQHandler                         0x080001d3   Thumb Code     0  startup_stm32f103xb.o(.text)
    EXTI15_10_IRQHandler                     0x080001d3   Thumb Code     0  startup_stm32f103xb.o(.text)
    EXTI1_IRQHandler                         0x080001d3   Thumb Code     0  startup_stm32f103xb.o(.text)
    EXTI2_IRQHandler                         0x080001d3   Thumb Code     0  startup_stm32f103xb.o(.text)
    EXTI3_IRQHandler                         0x080001d3   Thumb Code     0  startup_stm32f103xb.o(.text)
    EXTI4_IRQHandler                         0x080001d3   Thumb Code     0  startup_stm32f103xb.o(.text)
    EXTI9_5_IRQHandler                       0x080001d3   Thumb Code     0  startup_stm32f103xb.o(.text)
    FLASH_IRQHandler                         0x080001d3   Thumb Code     0  startup_stm32f103xb.o(.text)
    I2C1_ER_IRQHandler                       0x080001d3   Thumb Code     0  startup_stm32f103xb.o(.text)
    I2C1_EV_IRQHandler                       0x080001d3   Thumb Code     0  startup_stm32f103xb.o(.text)
    I2C2_ER_IRQHandler                       0x080001d3   Thumb Code     0  startup_stm32f103xb.o(.text)
    I2C2_EV_IRQHandler                       0x080001d3   Thumb Code     0  startup_stm32f103xb.o(.text)
    PVD_IRQHandler                           0x080001d3   Thumb Code     0  startup_stm32f103xb.o(.text)
    RCC_IRQHandler                           0x080001d3   Thumb Code     0  startup_stm32f103xb.o(.text)
    RTC_Alarm_IRQHandler                     0x080001d3   Thumb Code     0  startup_stm32f103xb.o(.text)
    RTC_IRQHandler                           0x080001d3   Thumb Code     0  startup_stm32f103xb.o(.text)
    SPI1_IRQHandler                          0x080001d3   Thumb Code     0  startup_stm32f103xb.o(.text)
    SPI2_IRQHandler                          0x080001d3   Thumb Code     0  startup_stm32f103xb.o(.text)
    TAMPER_IRQHandler                        0x080001d3   Thumb Code     0  startup_stm32f103xb.o(.text)
    TIM1_BRK_IRQHandler                      0x080001d3   Thumb Code     0  startup_stm32f103xb.o(.text)
    TIM1_CC_IRQHandler                       0x080001d3   Thumb Code     0  startup_stm32f103xb.o(.text)
    TIM1_TRG_COM_IRQHandler                  0x080001d3   Thumb Code     0  startup_stm32f103xb.o(.text)
    TIM1_UP_IRQHandler                       0x080001d3   Thumb Code     0  startup_stm32f103xb.o(.text)
    TIM2_IRQHandler                          0x080001d3   Thumb Code     0  startup_stm32f103xb.o(.text)
    TIM3_IRQHandler                          0x080001d3   Thumb Code     0  startup_stm32f103xb.o(.text)
    TIM4_IRQHandler                          0x080001d3   Thumb Code     0  startup_stm32f103xb.o(.text)
    USART1_IRQHandler                        0x080001d3   Thumb Code     0  startup_stm32f103xb.o(.text)
    USART2_IRQHandler                        0x080001d3   Thumb Code     0  startup_stm32f103xb.o(.text)
    USART3_IRQHandler                        0x080001d3   Thumb Code     0  startup_stm32f103xb.o(.text)
    USBWakeUp_IRQHandler                     0x080001d3   Thumb Code     0  startup_stm32f103xb.o(.text)
    USB_HP_CAN1_TX_IRQHandler                0x080001d3   Thumb Code     0  startup_stm32f103xb.o(.text)
    USB_LP_CAN1_RX0_IRQHandler               0x080001d3   Thumb Code     0  startup_stm32f103xb.o(.text)
    WWDG_IRQHandler                          0x080001d3   Thumb Code     0  startup_stm32f103xb.o(.text)
    __user_initial_stackheap                 0x080001d5   Thumb Code     0  startup_stm32f103xb.o(.text)
    __2printf                                0x080001f9   Thumb Code    20  noretval__2printf.o(.text)
    _printf_int_dec                          0x08000211   Thumb Code   104  _printf_dec.o(.text)
    __printf                                 0x08000289   Thumb Code   352  __printf_ss_wp.o(.text)
    __aeabi_memclr4                          0x080003e9   Thumb Code     0  rt_memclr_w.o(.text)
    __aeabi_memclr8                          0x080003e9   Thumb Code     0  rt_memclr_w.o(.text)
    __rt_memclr_w                            0x080003e9   Thumb Code    78  rt_memclr_w.o(.text)
    _memset_w                                0x080003ed   Thumb Code     0  rt_memclr_w.o(.text)
    __use_two_region_memory                  0x08000437   Thumb Code     2  heapauxi.o(.text)
    __rt_heap_escrow                         0x08000439   Thumb Code     2  heapauxi.o(.text)
    __rt_heap_expand                         0x0800043b   Thumb Code     2  heapauxi.o(.text)
    _printf_int_common                       0x0800043d   Thumb Code   178  _printf_intcommon.o(.text)
    __lib_sel_fp_printf                      0x080004ef   Thumb Code     2  _printf_fp_dec.o(.text)
    _printf_fp_dec_real                      0x080006a1   Thumb Code   620  _printf_fp_dec.o(.text)
    _printf_char_file                        0x0800090d   Thumb Code    32  _printf_char_file.o(.text)
    __rt_locale                              0x08000931   Thumb Code     8  rt_locale_intlibspace.o(.text)
    _ll_udiv10                               0x08000939   Thumb Code   138  lludiv10.o(.text)
    _printf_char_common                      0x080009cf   Thumb Code    32  _printf_char_common.o(.text)
    _printf_fp_infnan                        0x080009f5   Thumb Code   112  _printf_fp_infnan.o(.text)
    _btod_etento                             0x08000a75   Thumb Code   224  bigflt0.o(.text)
    ferror                                   0x08000b59   Thumb Code     8  ferror.o(.text)
    _initio                                  0x08000b61   Thumb Code   210  initio.o(.text)
    _terminateio                             0x08000c33   Thumb Code    56  initio.o(.text)
    _sys_open                                0x08000c99   Thumb Code    20  sys_io.o(.text)
    _sys_close                               0x08000cad   Thumb Code    12  sys_io.o(.text)
    _sys_write                               0x08000cb9   Thumb Code    16  sys_io.o(.text)
    _sys_read                                0x08000cc9   Thumb Code    14  sys_io.o(.text)
    _sys_istty                               0x08000cd7   Thumb Code    12  sys_io.o(.text)
    _sys_seek                                0x08000ce3   Thumb Code    14  sys_io.o(.text)
    _sys_ensure                              0x08000cf1   Thumb Code     2  sys_io.o(.text)
    _sys_flen                                0x08000cf3   Thumb Code    12  sys_io.o(.text)
    __user_libspace                          0x08000d01   Thumb Code     8  libspace.o(.text)
    __user_perproc_libspace                  0x08000d01   Thumb Code     0  libspace.o(.text)
    __user_perthread_libspace                0x08000d01   Thumb Code     0  libspace.o(.text)
    __user_setup_stackheap                   0x08000d09   Thumb Code    74  sys_stackheap_outer.o(.text)
    free                                     0x08000d53   Thumb Code    78  h1_free.o(.text)
    setvbuf                                  0x08000da1   Thumb Code    70  setvbuf.o(.text)
    freopen                                  0x08000de9   Thumb Code   158  fopen.o(.text)
    fopen                                    0x08000e87   Thumb Code    74  fopen.o(.text)
    _fclose_internal                         0x08000ed5   Thumb Code    76  fclose.o(.text)
    fclose                                   0x08000ed5   Thumb Code     0  fclose.o(.text)
    exit                                     0x08000f21   Thumb Code    18  exit.o(.text)
    __rt_SIGRTRED                            0x08000f33   Thumb Code    14  defsig_rtred_outer.o(.text)
    strcmp                                   0x08000f41   Thumb Code   128  strcmpv7m.o(.text)
    __I$use$semihosting                      0x08000fc1   Thumb Code     0  use_no_semi.o(.text)
    __use_no_semihosting_swi                 0x08000fc1   Thumb Code     2  use_no_semi.o(.text)
    __semihosting_library_function           0x08000fc3   Thumb Code     0  indicate_semi.o(.text)
    __rt_heap_descriptor                     0x08000fc5   Thumb Code     8  rt_heap_descriptor_intlibspace.o(.text)
    __use_no_heap                            0x08000fcd   Thumb Code     2  hguard.o(.text)
    __heap$guard                             0x08000fcf   Thumb Code     2  hguard.o(.text)
    _terminate_user_alloc                    0x08000fd1   Thumb Code     2  init_alloc.o(.text)
    _init_user_alloc                         0x08000fd3   Thumb Code     2  init_alloc.o(.text)
    __Heap_Full                              0x08000fd5   Thumb Code    34  init_alloc.o(.text)
    __Heap_Broken                            0x08000ff7   Thumb Code     6  init_alloc.o(.text)
    _init_alloc                              0x08000ffd   Thumb Code    94  init_alloc.o(.text)
    malloc                                   0x0800105b   Thumb Code    94  h1_alloc.o(.text)
    _fseek                                   0x080010b9   Thumb Code   242  fseek.o(.text)
    fseek                                    0x080010b9   Thumb Code     0  fseek.o(.text)
    _seterr                                  0x080011b1   Thumb Code    20  stdio.o(.text)
    _writebuf                                0x080011c5   Thumb Code    84  stdio.o(.text)
    _fflush                                  0x08001219   Thumb Code    70  stdio.o(.text)
    _deferredlazyseek                        0x0800125f   Thumb Code    60  stdio.o(.text)
    __sig_exit                               0x080012a1   Thumb Code    10  defsig_exit.o(.text)
    __rt_SIGRTRED_inner                      0x080012ad   Thumb Code    14  defsig_rtred_inner.o(.text)
    strlen                                   0x080012e1   Thumb Code    62  strlen.o(.text)
    _sys_exit                                0x08001321   Thumb Code     8  sys_exit.o(.text)
    __Heap_Initialize                        0x0800132d   Thumb Code    10  h1_init.o(.text)
    __Heap_DescSize                          0x08001337   Thumb Code     4  h1_init.o(.text)
    __Heap_ProvideMemory                     0x0800133b   Thumb Code    52  h1_extend.o(.text)
    _ftell_internal                          0x0800136f   Thumb Code    66  ftell.o(.text)
    ftell                                    0x0800136f   Thumb Code     0  ftell.o(.text)
    __default_signal_display                 0x080013b1   Thumb Code    50  defsig_general.o(.text)
    __rt_SIGRTMEM                            0x080013e3   Thumb Code    14  defsig_rtmem_outer.o(.text)
    _ttywrch                                 0x080013f1   Thumb Code    14  sys_wrch.o(.text)
    __aeabi_errno_addr                       0x08001401   Thumb Code     8  rt_errno_addr_intlibspace.o(.text)
    __errno$intlibspace                      0x08001401   Thumb Code     0  rt_errno_addr_intlibspace.o(.text)
    __rt_errno_addr$intlibspace              0x08001401   Thumb Code     0  rt_errno_addr_intlibspace.o(.text)
    __rt_SIGRTMEM_inner                      0x08001409   Thumb Code    22  defsig_rtmem_inner.o(.text)
    _btod_d2e                                0x08001459   Thumb Code    62  btod.o(CL$$btod_d2e)
    _d2e_denorm_low                          0x08001497   Thumb Code    70  btod.o(CL$$btod_d2e_denorm_low)
    _d2e_norm_op1                            0x080014dd   Thumb Code    96  btod.o(CL$$btod_d2e_norm_op1)
    __btod_div_common                        0x0800153d   Thumb Code   696  btod.o(CL$$btod_div_common)
    _e2e                                     0x08001875   Thumb Code   220  btod.o(CL$$btod_e2e)
    _btod_ediv                               0x08001951   Thumb Code    42  btod.o(CL$$btod_ediv)
    _btod_emul                               0x0800197b   Thumb Code    42  btod.o(CL$$btod_emul)
    __btod_mult_common                       0x080019a5   Thumb Code   580  btod.o(CL$$btod_mult_common)
    ADC_ConversionStop_Disable               0x08001be9   Thumb Code    86  stm32f1xx_hal_adc.o(i.ADC_ConversionStop_Disable)
    ADC_Enable                               0x08001c41   Thumb Code   114  stm32f1xx_hal_adc.o(i.ADC_Enable)
    BusFault_Handler                         0x08001cbd   Thumb Code     2  stm32f1xx_it.o(i.BusFault_Handler)
    DebugMon_Handler                         0x08001cbf   Thumb Code     2  stm32f1xx_it.o(i.DebugMon_Handler)
    Error_Handler                            0x08001cc1   Thumb Code     4  main.o(i.Error_Handler)
    HAL_ADC_ConfigChannel                    0x08001cc5   Thumb Code   240  stm32f1xx_hal_adc.o(i.HAL_ADC_ConfigChannel)
    HAL_ADC_GetValue                         0x08001dc1   Thumb Code     6  stm32f1xx_hal_adc.o(i.HAL_ADC_GetValue)
    HAL_ADC_Init                             0x08001dc9   Thumb Code   272  stm32f1xx_hal_adc.o(i.HAL_ADC_Init)
    HAL_ADC_MspInit                          0x08001ee5   Thumb Code    76  adc.o(i.HAL_ADC_MspInit)
    HAL_ADC_PollForConversion                0x08001f3d   Thumb Code   304  stm32f1xx_hal_adc.o(i.HAL_ADC_PollForConversion)
    HAL_ADC_Start                            0x08002079   Thumb Code   184  stm32f1xx_hal_adc.o(i.HAL_ADC_Start)
    HAL_ADC_Stop                             0x08002139   Thumb Code    52  stm32f1xx_hal_adc.o(i.HAL_ADC_Stop)
    HAL_Delay                                0x0800216d   Thumb Code    32  stm32f1xx_hal.o(i.HAL_Delay)
    HAL_GPIO_Init                            0x08002191   Thumb Code   446  stm32f1xx_hal_gpio.o(i.HAL_GPIO_Init)
    HAL_GetTick                              0x08002371   Thumb Code     6  stm32f1xx_hal.o(i.HAL_GetTick)
    HAL_IncTick                              0x0800237d   Thumb Code    12  stm32f1xx_hal.o(i.HAL_IncTick)
    HAL_Init                                 0x0800238d   Thumb Code    32  stm32f1xx_hal.o(i.HAL_Init)
    HAL_InitTick                             0x080023b1   Thumb Code    54  stm32f1xx_hal.o(i.HAL_InitTick)
    HAL_MspInit                              0x080023f1   Thumb Code    52  stm32f1xx_hal_msp.o(i.HAL_MspInit)
    HAL_NVIC_SetPriority                     0x0800242d   Thumb Code    60  stm32f1xx_hal_cortex.o(i.HAL_NVIC_SetPriority)
    HAL_NVIC_SetPriorityGrouping             0x0800246d   Thumb Code    26  stm32f1xx_hal_cortex.o(i.HAL_NVIC_SetPriorityGrouping)
    HAL_RCCEx_GetPeriphCLKFreq               0x08002491   Thumb Code   148  stm32f1xx_hal_rcc_ex.o(i.HAL_RCCEx_GetPeriphCLKFreq)
    HAL_RCCEx_PeriphCLKConfig                0x08002535   Thumb Code   224  stm32f1xx_hal_rcc_ex.o(i.HAL_RCCEx_PeriphCLKConfig)
    HAL_RCC_ClockConfig                      0x08002621   Thumb Code   280  stm32f1xx_hal_rcc.o(i.HAL_RCC_ClockConfig)
    HAL_RCC_GetPCLK1Freq                     0x0800274d   Thumb Code    20  stm32f1xx_hal_rcc.o(i.HAL_RCC_GetPCLK1Freq)
    HAL_RCC_GetPCLK2Freq                     0x0800276d   Thumb Code    20  stm32f1xx_hal_rcc.o(i.HAL_RCC_GetPCLK2Freq)
    HAL_RCC_GetSysClockFreq                  0x0800278d   Thumb Code    58  stm32f1xx_hal_rcc.o(i.HAL_RCC_GetSysClockFreq)
    HAL_RCC_OscConfig                        0x080027d9   Thumb Code   778  stm32f1xx_hal_rcc.o(i.HAL_RCC_OscConfig)
    HAL_SYSTICK_Config                       0x08002af9   Thumb Code    40  stm32f1xx_hal_cortex.o(i.HAL_SYSTICK_Config)
    HAL_UART_Init                            0x08002b21   Thumb Code   100  stm32f1xx_hal_uart.o(i.HAL_UART_Init)
    HAL_UART_MspInit                         0x08002b85   Thumb Code   100  usart.o(i.HAL_UART_MspInit)
    HAL_UART_Transmit                        0x08002bf5   Thumb Code   160  stm32f1xx_hal_uart.o(i.HAL_UART_Transmit)
    HardFault_Handler                        0x08002c95   Thumb Code     2  stm32f1xx_it.o(i.HardFault_Handler)
    MX_ADC1_Init                             0x08002c99   Thumb Code    70  adc.o(i.MX_ADC1_Init)
    MX_GPIO_Init                             0x08002ce9   Thumb Code    38  gpio.o(i.MX_GPIO_Init)
    MX_USART1_UART_Init                      0x08002d15   Thumb Code    48  usart.o(i.MX_USART1_UART_Init)
    MemManage_Handler                        0x08002d4d   Thumb Code     2  stm32f1xx_it.o(i.MemManage_Handler)
    NMI_Handler                              0x08002d4f   Thumb Code     2  stm32f1xx_it.o(i.NMI_Handler)
    PendSV_Handler                           0x08002d51   Thumb Code     2  stm32f1xx_it.o(i.PendSV_Handler)
    SVC_Handler                              0x08002d53   Thumb Code     2  stm32f1xx_it.o(i.SVC_Handler)
    SysTick_Handler                          0x08002d55   Thumb Code     4  stm32f1xx_it.o(i.SysTick_Handler)
    SystemClock_Config                       0x08002d59   Thumb Code   120  main.o(i.SystemClock_Config)
    SystemInit                               0x08002dd1   Thumb Code     2  system_stm32f1xx.o(i.SystemInit)
    UsageFault_Handler                       0x08002f4b   Thumb Code     2  stm32f1xx_it.o(i.UsageFault_Handler)
    __ARM_fpclassify                         0x08002f4d   Thumb Code    40  fpclassify.o(i.__ARM_fpclassify)
    _is_digit                                0x08002f95   Thumb Code    14  __printf_wp.o(i._is_digit)
    fputc                                    0x08002fa5   Thumb Code    20  main.o(i.fputc)
    main                                     0x08002fbd   Thumb Code    94  main.o(i.main)
    _get_lc_numeric                          0x08003055   Thumb Code    44  lc_numeric_c.o(locale$$code)
    __fpl_dretinf                            0x08003081   Thumb Code    12  dretinf.o(x$fpl$dretinf)
    __aeabi_f2d                              0x0800308d   Thumb Code     0  f2d.o(x$fpl$f2d)
    _f2d                                     0x0800308d   Thumb Code    86  f2d.o(x$fpl$f2d)
    __aeabi_fdiv                             0x080030e5   Thumb Code     0  fdiv.o(x$fpl$fdiv)
    _fdiv                                    0x080030e5   Thumb Code   384  fdiv.o(x$fpl$fdiv)
    __aeabi_ui2f                             0x08003269   Thumb Code     0  fflt_clz.o(x$fpl$ffltu)
    _ffltu                                   0x08003269   Thumb Code    38  fflt_clz.o(x$fpl$ffltu)
    __aeabi_fmul                             0x08003291   Thumb Code     0  fmul.o(x$fpl$fmul)
    _fmul                                    0x08003291   Thumb Code   258  fmul.o(x$fpl$fmul)
    __fpl_fnaninf                            0x08003393   Thumb Code   140  fnaninf.o(x$fpl$fnaninf)
    __fpl_fretinf                            0x0800341f   Thumb Code    10  fretinf.o(x$fpl$fretinf)
    _printf_fp_dec                           0x08003429   Thumb Code     4  printf1.o(x$fpl$printf1)
    __I$use$fp                               0x0800342c   Number         0  usenofp.o(x$fpl$usenofp)
    AHBPrescTable                            0x08003450   Data          16  system_stm32f1xx.o(.constdata)
    APBPrescTable                            0x08003460   Data           8  system_stm32f1xx.o(.constdata)
    __stdin_name                             0x080034fc   Data           4  sys_io.o(.constdata)
    __stdout_name                            0x08003500   Data           4  sys_io.o(.constdata)
    __stderr_name                            0x08003504   Data           4  sys_io.o(.constdata)
    Region$$Table$$Base                      0x08003508   Number         0  anon$$obj.o(Region$$Table)
    Region$$Table$$Limit                     0x08003528   Number         0  anon$$obj.o(Region$$Table)
    uwTickFreq                               0x20000000   Data           1  stm32f1xx_hal.o(.data)
    uwTickPrio                               0x20000004   Data           4  stm32f1xx_hal.o(.data)
    uwTick                                   0x20000008   Data           4  stm32f1xx_hal.o(.data)
    SystemCoreClock                          0x2000000c   Data           4  system_stm32f1xx.o(.data)
    __aeabi_stdin                            0x20000010   Data           4  stdio_streams.o(.data)
    __aeabi_stdout                           0x20000014   Data           4  stdio_streams.o(.data)
    __aeabi_stderr                           0x20000018   Data           4  stdio_streams.o(.data)
    hadc1                                    0x2000001c   Data          48  adc.o(.bss)
    huart1                                   0x2000004c   Data          72  usart.o(.bss)
    __stdin                                  0x20000094   Data          84  stdio_streams.o(.bss)
    __stdout                                 0x200000e8   Data          84  stdio_streams.o(.bss)
    __stderr                                 0x2000013c   Data          84  stdio_streams.o(.bss)
    __libspace_start                         0x20000190   Data          96  libspace.o(.bss)
    __temporary_stack_top$libspace           0x200001f0   Data           0  libspace.o(.bss)



==============================================================================

Memory Map of the image

  Image Entry point : 0x080000ed

  Load Region LR_IROM1 (Base: 0x08000000, Size: 0x00003560, Max: 0x00010000, ABSOLUTE)

    Execution Region ER_IROM1 (Exec base: 0x08000000, Load base: 0x08000000, Size: 0x00003544, Max: 0x00010000, ABSOLUTE)

    Exec Addr    Load Addr    Size         Type   Attr      Idx    E Section Name        Object

    0x08000000   0x08000000   0x000000ec   Data   RO            3    RESET               startup_stm32f103xb.o
    0x080000ec   0x080000ec   0x00000008   Code   RO         2091  * !!!main             c_w.l(__main.o)
    0x080000f4   0x080000f4   0x00000034   Code   RO         2482    !!!scatter          c_w.l(__scatter.o)
    0x08000128   0x08000128   0x0000001a   Code   RO         2484    !!handler_copy      c_w.l(__scatter_copy.o)
    0x08000142   0x08000142   0x00000002   PAD
    0x08000144   0x08000144   0x0000001c   Code   RO         2486    !!handler_zi        c_w.l(__scatter_zi.o)
    0x08000160   0x08000160   0x00000000   Code   RO         2086    .ARM.Collect$$_printf_percent$$00000000  c_w.l(_printf_percent.o)
    0x08000160   0x08000160   0x00000006   Code   RO         2085    .ARM.Collect$$_printf_percent$$00000003  c_w.l(_printf_f.o)
    0x08000166   0x08000166   0x00000006   Code   RO         2084    .ARM.Collect$$_printf_percent$$0000000A  c_w.l(_printf_u.o)
    0x0800016c   0x0800016c   0x00000004   Code   RO         2116    .ARM.Collect$$_printf_percent$$00000017  c_w.l(_printf_percent_end.o)
    0x08000170   0x08000170   0x00000002   Code   RO         2290    .ARM.Collect$$libinit$$00000000  c_w.l(libinit.o)
    0x08000172   0x08000172   0x00000000   Code   RO         2292    .ARM.Collect$$libinit$$00000002  c_w.l(libinit2.o)
    0x08000172   0x08000172   0x00000000   Code   RO         2294    .ARM.Collect$$libinit$$00000004  c_w.l(libinit2.o)
    0x08000172   0x08000172   0x00000008   Code   RO         2295    .ARM.Collect$$libinit$$00000005  c_w.l(libinit2.o)
    0x0800017a   0x0800017a   0x00000000   Code   RO         2297    .ARM.Collect$$libinit$$0000000A  c_w.l(libinit2.o)
    0x0800017a   0x0800017a   0x00000000   Code   RO         2299    .ARM.Collect$$libinit$$0000000C  c_w.l(libinit2.o)
    0x0800017a   0x0800017a   0x00000000   Code   RO         2301    .ARM.Collect$$libinit$$0000000E  c_w.l(libinit2.o)
    0x0800017a   0x0800017a   0x00000006   Code   RO         2302    .ARM.Collect$$libinit$$0000000F  c_w.l(libinit2.o)
    0x08000180   0x08000180   0x00000000   Code   RO         2304    .ARM.Collect$$libinit$$00000011  c_w.l(libinit2.o)
    0x08000180   0x08000180   0x00000000   Code   RO         2306    .ARM.Collect$$libinit$$00000013  c_w.l(libinit2.o)
    0x08000180   0x08000180   0x00000000   Code   RO         2308    .ARM.Collect$$libinit$$00000015  c_w.l(libinit2.o)
    0x08000180   0x08000180   0x0000000a   Code   RO         2309    .ARM.Collect$$libinit$$00000016  c_w.l(libinit2.o)
    0x0800018a   0x0800018a   0x00000000   Code   RO         2310    .ARM.Collect$$libinit$$00000017  c_w.l(libinit2.o)
    0x0800018a   0x0800018a   0x00000000   Code   RO         2312    .ARM.Collect$$libinit$$00000019  c_w.l(libinit2.o)
    0x0800018a   0x0800018a   0x00000000   Code   RO         2314    .ARM.Collect$$libinit$$0000001B  c_w.l(libinit2.o)
    0x0800018a   0x0800018a   0x00000000   Code   RO         2316    .ARM.Collect$$libinit$$0000001D  c_w.l(libinit2.o)
    0x0800018a   0x0800018a   0x00000000   Code   RO         2318    .ARM.Collect$$libinit$$0000001F  c_w.l(libinit2.o)
    0x0800018a   0x0800018a   0x00000000   Code   RO         2320    .ARM.Collect$$libinit$$00000021  c_w.l(libinit2.o)
    0x0800018a   0x0800018a   0x00000000   Code   RO         2322    .ARM.Collect$$libinit$$00000023  c_w.l(libinit2.o)
    0x0800018a   0x0800018a   0x00000004   Code   RO         2323    .ARM.Collect$$libinit$$00000024  c_w.l(libinit2.o)
    0x0800018e   0x0800018e   0x00000000   Code   RO         2324    .ARM.Collect$$libinit$$00000025  c_w.l(libinit2.o)
    0x0800018e   0x0800018e   0x00000000   Code   RO         2328    .ARM.Collect$$libinit$$0000002C  c_w.l(libinit2.o)
    0x0800018e   0x0800018e   0x00000000   Code   RO         2330    .ARM.Collect$$libinit$$0000002E  c_w.l(libinit2.o)
    0x0800018e   0x0800018e   0x00000000   Code   RO         2332    .ARM.Collect$$libinit$$00000030  c_w.l(libinit2.o)
    0x0800018e   0x0800018e   0x00000000   Code   RO         2334    .ARM.Collect$$libinit$$00000032  c_w.l(libinit2.o)
    0x0800018e   0x0800018e   0x00000002   Code   RO         2335    .ARM.Collect$$libinit$$00000033  c_w.l(libinit2.o)
    0x08000190   0x08000190   0x00000002   Code   RO         2461    .ARM.Collect$$libshutdown$$00000000  c_w.l(libshutdown.o)
    0x08000192   0x08000192   0x00000000   Code   RO         2337    .ARM.Collect$$libshutdown$$00000002  c_w.l(libshutdown2.o)
    0x08000192   0x08000192   0x00000000   Code   RO         2339    .ARM.Collect$$libshutdown$$00000004  c_w.l(libshutdown2.o)
    0x08000192   0x08000192   0x00000004   Code   RO         2340    .ARM.Collect$$libshutdown$$00000005  c_w.l(libshutdown2.o)
    0x08000196   0x08000196   0x00000000   Code   RO         2341    .ARM.Collect$$libshutdown$$00000006  c_w.l(libshutdown2.o)
    0x08000196   0x08000196   0x00000000   Code   RO         2344    .ARM.Collect$$libshutdown$$00000009  c_w.l(libshutdown2.o)
    0x08000196   0x08000196   0x00000000   Code   RO         2347    .ARM.Collect$$libshutdown$$0000000C  c_w.l(libshutdown2.o)
    0x08000196   0x08000196   0x00000000   Code   RO         2349    .ARM.Collect$$libshutdown$$0000000E  c_w.l(libshutdown2.o)
    0x08000196   0x08000196   0x00000000   Code   RO         2352    .ARM.Collect$$libshutdown$$00000011  c_w.l(libshutdown2.o)
    0x08000196   0x08000196   0x00000002   Code   RO         2353    .ARM.Collect$$libshutdown$$00000012  c_w.l(libshutdown2.o)
    0x08000198   0x08000198   0x00000000   Code   RO         2109    .ARM.Collect$$rtentry$$00000000  c_w.l(__rtentry.o)
    0x08000198   0x08000198   0x00000000   Code   RO         2131    .ARM.Collect$$rtentry$$00000002  c_w.l(__rtentry2.o)
    0x08000198   0x08000198   0x00000006   Code   RO         2143    .ARM.Collect$$rtentry$$00000004  c_w.l(__rtentry4.o)
    0x0800019e   0x0800019e   0x00000000   Code   RO         2133    .ARM.Collect$$rtentry$$00000009  c_w.l(__rtentry2.o)
    0x0800019e   0x0800019e   0x00000004   Code   RO         2134    .ARM.Collect$$rtentry$$0000000A  c_w.l(__rtentry2.o)
    0x080001a2   0x080001a2   0x00000000   Code   RO         2136    .ARM.Collect$$rtentry$$0000000C  c_w.l(__rtentry2.o)
    0x080001a2   0x080001a2   0x00000008   Code   RO         2137    .ARM.Collect$$rtentry$$0000000D  c_w.l(__rtentry2.o)
    0x080001aa   0x080001aa   0x00000002   Code   RO         2357    .ARM.Collect$$rtexit$$00000000  c_w.l(rtexit.o)
    0x080001ac   0x080001ac   0x00000000   Code   RO         2407    .ARM.Collect$$rtexit$$00000002  c_w.l(rtexit2.o)
    0x080001ac   0x080001ac   0x00000004   Code   RO         2408    .ARM.Collect$$rtexit$$00000003  c_w.l(rtexit2.o)
    0x080001b0   0x080001b0   0x00000006   Code   RO         2409    .ARM.Collect$$rtexit$$00000004  c_w.l(rtexit2.o)
    0x080001b6   0x080001b6   0x00000002   PAD
    0x080001b8   0x080001b8   0x00000000   Code   RO         2413    .emb_text           c_w.l(maybetermalloc1.o)
    0x080001b8   0x080001b8   0x00000040   Code   RO            4    .text               startup_stm32f103xb.o
    0x080001f8   0x080001f8   0x00000018   Code   RO         2058    .text               c_w.l(noretval__2printf.o)
    0x08000210   0x08000210   0x00000078   Code   RO         2062    .text               c_w.l(_printf_dec.o)
    0x08000288   0x08000288   0x00000160   Code   RO         2079    .text               c_w.l(__printf_ss_wp.o)
    0x080003e8   0x080003e8   0x0000004e   Code   RO         2087    .text               c_w.l(rt_memclr_w.o)
    0x08000436   0x08000436   0x00000006   Code   RO         2089    .text               c_w.l(heapauxi.o)
    0x0800043c   0x0800043c   0x000000b2   Code   RO         2110    .text               c_w.l(_printf_intcommon.o)
    0x080004ee   0x080004ee   0x0000041e   Code   RO         2112    .text               c_w.l(_printf_fp_dec.o)
    0x0800090c   0x0800090c   0x00000024   Code   RO         2114    .text               c_w.l(_printf_char_file.o)
    0x08000930   0x08000930   0x00000008   Code   RO         2148    .text               c_w.l(rt_locale_intlibspace.o)
    0x08000938   0x08000938   0x0000008a   Code   RO         2150    .text               c_w.l(lludiv10.o)
    0x080009c2   0x080009c2   0x00000002   PAD
    0x080009c4   0x080009c4   0x00000030   Code   RO         2152    .text               c_w.l(_printf_char_common.o)
    0x080009f4   0x080009f4   0x00000080   Code   RO         2154    .text               c_w.l(_printf_fp_infnan.o)
    0x08000a74   0x08000a74   0x000000e4   Code   RO         2156    .text               c_w.l(bigflt0.o)
    0x08000b58   0x08000b58   0x00000008   Code   RO         2181    .text               c_w.l(ferror.o)
    0x08000b60   0x08000b60   0x00000138   Code   RO         2183    .text               c_w.l(initio.o)
    0x08000c98   0x08000c98   0x00000066   Code   RO         2196    .text               c_w.l(sys_io.o)
    0x08000cfe   0x08000cfe   0x00000002   PAD
    0x08000d00   0x08000d00   0x00000008   Code   RO         2201    .text               c_w.l(libspace.o)
    0x08000d08   0x08000d08   0x0000004a   Code   RO         2206    .text               c_w.l(sys_stackheap_outer.o)
    0x08000d52   0x08000d52   0x0000004e   Code   RO         2210    .text               c_w.l(h1_free.o)
    0x08000da0   0x08000da0   0x00000046   Code   RO         2266    .text               c_w.l(setvbuf.o)
    0x08000de6   0x08000de6   0x00000002   PAD
    0x08000de8   0x08000de8   0x000000ec   Code   RO         2269    .text               c_w.l(fopen.o)
    0x08000ed4   0x08000ed4   0x0000004c   Code   RO         2271    .text               c_w.l(fclose.o)
    0x08000f20   0x08000f20   0x00000012   Code   RO         2277    .text               c_w.l(exit.o)
    0x08000f32   0x08000f32   0x0000000e   Code   RO         2279    .text               c_w.l(defsig_rtred_outer.o)
    0x08000f40   0x08000f40   0x00000080   Code   RO         2283    .text               c_w.l(strcmpv7m.o)
    0x08000fc0   0x08000fc0   0x00000002   Code   RO         2354    .text               c_w.l(use_no_semi.o)
    0x08000fc2   0x08000fc2   0x00000000   Code   RO         2356    .text               c_w.l(indicate_semi.o)
    0x08000fc2   0x08000fc2   0x00000002   PAD
    0x08000fc4   0x08000fc4   0x00000008   Code   RO         2364    .text               c_w.l(rt_heap_descriptor_intlibspace.o)
    0x08000fcc   0x08000fcc   0x00000004   Code   RO         2366    .text               c_w.l(hguard.o)
    0x08000fd0   0x08000fd0   0x0000008a   Code   RO         2368    .text               c_w.l(init_alloc.o)
    0x0800105a   0x0800105a   0x0000005e   Code   RO         2374    .text               c_w.l(h1_alloc.o)
    0x080010b8   0x080010b8   0x000000f8   Code   RO         2388    .text               c_w.l(fseek.o)
    0x080011b0   0x080011b0   0x000000f0   Code   RO         2390    .text               c_w.l(stdio.o)
    0x080012a0   0x080012a0   0x0000000a   Code   RO         2392    .text               c_w.l(defsig_exit.o)
    0x080012aa   0x080012aa   0x00000002   PAD
    0x080012ac   0x080012ac   0x00000034   Code   RO         2394    .text               c_w.l(defsig_rtred_inner.o)
    0x080012e0   0x080012e0   0x0000003e   Code   RO         2396    .text               c_w.l(strlen.o)
    0x0800131e   0x0800131e   0x00000002   PAD
    0x08001320   0x08001320   0x0000000c   Code   RO         2404    .text               c_w.l(sys_exit.o)
    0x0800132c   0x0800132c   0x0000000e   Code   RO         2415    .text               c_w.l(h1_init.o)
    0x0800133a   0x0800133a   0x00000034   Code   RO         2417    .text               c_w.l(h1_extend.o)
    0x0800136e   0x0800136e   0x00000042   Code   RO         2423    .text               c_w.l(ftell.o)
    0x080013b0   0x080013b0   0x00000032   Code   RO         2427    .text               c_w.l(defsig_general.o)
    0x080013e2   0x080013e2   0x0000000e   Code   RO         2429    .text               c_w.l(defsig_rtmem_outer.o)
    0x080013f0   0x080013f0   0x0000000e   Code   RO         2442    .text               c_w.l(sys_wrch.o)
    0x080013fe   0x080013fe   0x00000002   PAD
    0x08001400   0x08001400   0x00000008   Code   RO         2449    .text               c_w.l(rt_errno_addr_intlibspace.o)
    0x08001408   0x08001408   0x00000050   Code   RO         2455    .text               c_w.l(defsig_rtmem_inner.o)
    0x08001458   0x08001458   0x0000003e   Code   RO         2159    CL$$btod_d2e        c_w.l(btod.o)
    0x08001496   0x08001496   0x00000046   Code   RO         2161    CL$$btod_d2e_denorm_low  c_w.l(btod.o)
    0x080014dc   0x080014dc   0x00000060   Code   RO         2160    CL$$btod_d2e_norm_op1  c_w.l(btod.o)
    0x0800153c   0x0800153c   0x00000338   Code   RO         2169    CL$$btod_div_common  c_w.l(btod.o)
    0x08001874   0x08001874   0x000000dc   Code   RO         2166    CL$$btod_e2e        c_w.l(btod.o)
    0x08001950   0x08001950   0x0000002a   Code   RO         2163    CL$$btod_ediv       c_w.l(btod.o)
    0x0800197a   0x0800197a   0x0000002a   Code   RO         2162    CL$$btod_emul       c_w.l(btod.o)
    0x080019a4   0x080019a4   0x00000244   Code   RO         2168    CL$$btod_mult_common  c_w.l(btod.o)
    0x08001be8   0x08001be8   0x00000056   Code   RO          401    i.ADC_ConversionStop_Disable  stm32f1xx_hal_adc.o
    0x08001c3e   0x08001c3e   0x00000002   PAD
    0x08001c40   0x08001c40   0x0000007c   Code   RO          405    i.ADC_Enable        stm32f1xx_hal_adc.o
    0x08001cbc   0x08001cbc   0x00000002   Code   RO          266    i.BusFault_Handler  stm32f1xx_it.o
    0x08001cbe   0x08001cbe   0x00000002   Code   RO          267    i.DebugMon_Handler  stm32f1xx_it.o
    0x08001cc0   0x08001cc0   0x00000004   Code   RO           13    i.Error_Handler     main.o
    0x08001cc4   0x08001cc4   0x000000fc   Code   RO          407    i.HAL_ADC_ConfigChannel  stm32f1xx_hal_adc.o
    0x08001dc0   0x08001dc0   0x00000006   Code   RO          414    i.HAL_ADC_GetValue  stm32f1xx_hal_adc.o
    0x08001dc6   0x08001dc6   0x00000002   PAD
    0x08001dc8   0x08001dc8   0x0000011c   Code   RO          416    i.HAL_ADC_Init      stm32f1xx_hal_adc.o
    0x08001ee4   0x08001ee4   0x00000058   Code   RO          183    i.HAL_ADC_MspInit   adc.o
    0x08001f3c   0x08001f3c   0x0000013c   Code   RO          420    i.HAL_ADC_PollForConversion  stm32f1xx_hal_adc.o
    0x08002078   0x08002078   0x000000c0   Code   RO          422    i.HAL_ADC_Start     stm32f1xx_hal_adc.o
    0x08002138   0x08002138   0x00000034   Code   RO          425    i.HAL_ADC_Stop      stm32f1xx_hal_adc.o
    0x0800216c   0x0800216c   0x00000024   Code   RO          684    i.HAL_Delay         stm32f1xx_hal.o
    0x08002190   0x08002190   0x000001e0   Code   RO          994    i.HAL_GPIO_Init     stm32f1xx_hal_gpio.o
    0x08002370   0x08002370   0x0000000c   Code   RO          688    i.HAL_GetTick       stm32f1xx_hal.o
    0x0800237c   0x0800237c   0x00000010   Code   RO          694    i.HAL_IncTick       stm32f1xx_hal.o
    0x0800238c   0x0800238c   0x00000024   Code   RO          695    i.HAL_Init          stm32f1xx_hal.o
    0x080023b0   0x080023b0   0x00000040   Code   RO          696    i.HAL_InitTick      stm32f1xx_hal.o
    0x080023f0   0x080023f0   0x0000003c   Code   RO          341    i.HAL_MspInit       stm32f1xx_hal_msp.o
    0x0800242c   0x0800242c   0x00000040   Code   RO         1160    i.HAL_NVIC_SetPriority  stm32f1xx_hal_cortex.o
    0x0800246c   0x0800246c   0x00000024   Code   RO         1161    i.HAL_NVIC_SetPriorityGrouping  stm32f1xx_hal_cortex.o
    0x08002490   0x08002490   0x000000a4   Code   RO          955    i.HAL_RCCEx_GetPeriphCLKFreq  stm32f1xx_hal_rcc_ex.o
    0x08002534   0x08002534   0x000000ec   Code   RO          956    i.HAL_RCCEx_PeriphCLKConfig  stm32f1xx_hal_rcc_ex.o
    0x08002620   0x08002620   0x0000012c   Code   RO          852    i.HAL_RCC_ClockConfig  stm32f1xx_hal_rcc.o
    0x0800274c   0x0800274c   0x00000020   Code   RO          859    i.HAL_RCC_GetPCLK1Freq  stm32f1xx_hal_rcc.o
    0x0800276c   0x0800276c   0x00000020   Code   RO          860    i.HAL_RCC_GetPCLK2Freq  stm32f1xx_hal_rcc.o
    0x0800278c   0x0800278c   0x0000004c   Code   RO          861    i.HAL_RCC_GetSysClockFreq  stm32f1xx_hal_rcc.o
    0x080027d8   0x080027d8   0x00000320   Code   RO          864    i.HAL_RCC_OscConfig  stm32f1xx_hal_rcc.o
    0x08002af8   0x08002af8   0x00000028   Code   RO         1165    i.HAL_SYSTICK_Config  stm32f1xx_hal_cortex.o
    0x08002b20   0x08002b20   0x00000064   Code   RO         1684    i.HAL_UART_Init     stm32f1xx_hal_uart.o
    0x08002b84   0x08002b84   0x00000070   Code   RO          225    i.HAL_UART_MspInit  usart.o
    0x08002bf4   0x08002bf4   0x000000a0   Code   RO         1692    i.HAL_UART_Transmit  stm32f1xx_hal_uart.o
    0x08002c94   0x08002c94   0x00000002   Code   RO          268    i.HardFault_Handler  stm32f1xx_it.o
    0x08002c96   0x08002c96   0x00000002   PAD
    0x08002c98   0x08002c98   0x00000050   Code   RO          184    i.MX_ADC1_Init      adc.o
    0x08002ce8   0x08002ce8   0x0000002c   Code   RO          158    i.MX_GPIO_Init      gpio.o
    0x08002d14   0x08002d14   0x00000038   Code   RO          226    i.MX_USART1_UART_Init  usart.o
    0x08002d4c   0x08002d4c   0x00000002   Code   RO          269    i.MemManage_Handler  stm32f1xx_it.o
    0x08002d4e   0x08002d4e   0x00000002   Code   RO          270    i.NMI_Handler       stm32f1xx_it.o
    0x08002d50   0x08002d50   0x00000002   Code   RO          271    i.PendSV_Handler    stm32f1xx_it.o
    0x08002d52   0x08002d52   0x00000002   Code   RO          272    i.SVC_Handler       stm32f1xx_it.o
    0x08002d54   0x08002d54   0x00000004   Code   RO          273    i.SysTick_Handler   stm32f1xx_it.o
    0x08002d58   0x08002d58   0x00000078   Code   RO           14    i.SystemClock_Config  main.o
    0x08002dd0   0x08002dd0   0x00000002   Code   RO         2018    i.SystemInit        system_stm32f1xx.o
    0x08002dd2   0x08002dd2   0x0000004e   Code   RO         1707    i.UART_EndRxTransfer  stm32f1xx_hal_uart.o
    0x08002e20   0x08002e20   0x000000b8   Code   RO         1710    i.UART_SetConfig    stm32f1xx_hal_uart.o
    0x08002ed8   0x08002ed8   0x00000072   Code   RO         1713    i.UART_WaitOnFlagUntilTimeout  stm32f1xx_hal_uart.o
    0x08002f4a   0x08002f4a   0x00000002   Code   RO          274    i.UsageFault_Handler  stm32f1xx_it.o
    0x08002f4c   0x08002f4c   0x00000028   Code   RO         2194    i.__ARM_fpclassify  m_ws.l(fpclassify.o)
    0x08002f74   0x08002f74   0x00000020   Code   RO         1167    i.__NVIC_SetPriority  stm32f1xx_hal_cortex.o
    0x08002f94   0x08002f94   0x0000000e   Code   RO         2074    i._is_digit         c_w.l(__printf_wp.o)
    0x08002fa2   0x08002fa2   0x00000002   PAD
    0x08002fa4   0x08002fa4   0x00000018   Code   RO           15    i.fputc             main.o
    0x08002fbc   0x08002fbc   0x00000098   Code   RO           16    i.main              main.o
    0x08003054   0x08003054   0x0000002c   Code   RO         2190    locale$$code        c_w.l(lc_numeric_c.o)
    0x08003080   0x08003080   0x0000000c   Code   RO         2123    x$fpl$dretinf       fz_ws.l(dretinf.o)
    0x0800308c   0x0800308c   0x00000056   Code   RO         2093    x$fpl$f2d           fz_ws.l(f2d.o)
    0x080030e2   0x080030e2   0x00000002   PAD
    0x080030e4   0x080030e4   0x00000184   Code   RO         2096    x$fpl$fdiv          fz_ws.l(fdiv.o)
    0x08003268   0x08003268   0x00000026   Code   RO         2099    x$fpl$ffltu         fz_ws.l(fflt_clz.o)
    0x0800328e   0x0800328e   0x00000002   PAD
    0x08003290   0x08003290   0x00000102   Code   RO         2105    x$fpl$fmul          fz_ws.l(fmul.o)
    0x08003392   0x08003392   0x0000008c   Code   RO         2125    x$fpl$fnaninf       fz_ws.l(fnaninf.o)
    0x0800341e   0x0800341e   0x0000000a   Code   RO         2127    x$fpl$fretinf       fz_ws.l(fretinf.o)
    0x08003428   0x08003428   0x00000004   Code   RO         2107    x$fpl$printf1       fz_ws.l(printf1.o)
    0x0800342c   0x0800342c   0x00000000   Code   RO         2129    x$fpl$usenofp       fz_ws.l(usenofp.o)
    0x0800342c   0x0800342c   0x00000012   Data   RO          865    .constdata          stm32f1xx_hal_rcc.o
    0x0800343e   0x0800343e   0x00000012   Data   RO          957    .constdata          stm32f1xx_hal_rcc_ex.o
    0x08003450   0x08003450   0x00000010   Data   RO         2019    .constdata          system_stm32f1xx.o
    0x08003460   0x08003460   0x00000008   Data   RO         2020    .constdata          system_stm32f1xx.o
    0x08003468   0x08003468   0x00000094   Data   RO         2157    .constdata          c_w.l(bigflt0.o)
    0x080034fc   0x080034fc   0x00000004   Data   RO         2197    .constdata          c_w.l(sys_io.o)
    0x08003500   0x08003500   0x00000004   Data   RO         2198    .constdata          c_w.l(sys_io.o)
    0x08003504   0x08003504   0x00000004   Data   RO         2199    .constdata          c_w.l(sys_io.o)
    0x08003508   0x08003508   0x00000020   Data   RO         2480    Region$$Table       anon$$obj.o
    0x08003528   0x08003528   0x0000001c   Data   RO         2189    locale$$data        c_w.l(lc_numeric_c.o)


    Execution Region RW_IRAM1 (Exec base: 0x20000000, Load base: 0x08003544, Size: 0x000007f0, Max: 0x00005000, ABSOLUTE)

    Exec Addr    Load Addr    Size         Type   Attr      Idx    E Section Name        Object

    0x20000000   0x08003544   0x0000000c   Data   RW          702    .data               stm32f1xx_hal.o
    0x2000000c   0x08003550   0x00000004   Data   RW         2021    .data               system_stm32f1xx.o
    0x20000010   0x08003554   0x00000004   Data   RW         2120    .data               c_w.l(stdio_streams.o)
    0x20000014   0x08003558   0x00000004   Data   RW         2121    .data               c_w.l(stdio_streams.o)
    0x20000018   0x0800355c   0x00000004   Data   RW         2122    .data               c_w.l(stdio_streams.o)
    0x2000001c        -       0x00000030   Zero   RW          185    .bss                adc.o
    0x2000004c        -       0x00000048   Zero   RW          227    .bss                usart.o
    0x20000094        -       0x00000054   Zero   RW         2117    .bss                c_w.l(stdio_streams.o)
    0x200000e8        -       0x00000054   Zero   RW         2118    .bss                c_w.l(stdio_streams.o)
    0x2000013c        -       0x00000054   Zero   RW         2119    .bss                c_w.l(stdio_streams.o)
    0x20000190        -       0x00000060   Zero   RW         2202    .bss                c_w.l(libspace.o)
    0x200001f0        -       0x00000200   Zero   RW            2    HEAP                startup_stm32f103xb.o
    0x200003f0        -       0x00000400   Zero   RW            1    STACK               startup_stm32f103xb.o


==============================================================================

Image component sizes


      Code (inc. data)   RO Data    RW Data    ZI Data      Debug   Object Name

       168         22          0          0         48       1553   adc.o
        44          6          0          0          0        739   gpio.o
       300         62          0          0          0     411784   main.o
        64         26        236          0       1536        788   startup_stm32f103xb.o
       164         28          0         12          0       5729   stm32f1xx_hal.o
      1312         54          0          0          0       7031   stm32f1xx_hal_adc.o
       172         14          0          0          0      28170   stm32f1xx_hal_cortex.o
       480         34          0          0          0       2216   stm32f1xx_hal_gpio.o
        60          8          0          0          0        830   stm32f1xx_hal_msp.o
      1240         84         18          0          0       4980   stm32f1xx_hal_rcc.o
       400         28         18          0          0       2405   stm32f1xx_hal_rcc_ex.o
       636          6          0          0          0       4504   stm32f1xx_hal_uart.o
        20          0          0          0          0       3674   stm32f1xx_it.o
         2          0         24          4          0       1047   system_stm32f1xx.o
       168         20          0          0         72       1594   usart.o

    ----------------------------------------------------------------------
      5236        392        328         16       1656     477044   Object Totals
         0          0         32          0          0          0   (incl. Generated)
         6          0          0          0          0          0   (incl. Padding)

    ----------------------------------------------------------------------

      Code (inc. data)   RO Data    RW Data    ZI Data      Debug   Library Member Name

         8          0          0          0          0         68   __main.o
       352          0          0          0          0         88   __printf_ss_wp.o
        14          0          0          0          0         68   __printf_wp.o
         0          0          0          0          0          0   __rtentry.o
        12          0          0          0          0          0   __rtentry2.o
         6          0          0          0          0          0   __rtentry4.o
        52          8          0          0          0          0   __scatter.o
        26          0          0          0          0          0   __scatter_copy.o
        28          0          0          0          0          0   __scatter_zi.o
        48          6          0          0          0         96   _printf_char_common.o
        36          4          0          0          0         80   _printf_char_file.o
       120         16          0          0          0         92   _printf_dec.o
         6          0          0          0          0          0   _printf_f.o
      1054          0          0          0          0        216   _printf_fp_dec.o
       128         16          0          0          0         84   _printf_fp_infnan.o
       178          0          0          0          0         88   _printf_intcommon.o
         0          0          0          0          0          0   _printf_percent.o
         4          0          0          0          0          0   _printf_percent_end.o
         6          0          0          0          0          0   _printf_u.o
       228          4        148          0          0         96   bigflt0.o
      1936        128          0          0          0        672   btod.o
        10          0          0          0          0         68   defsig_exit.o
        50          0          0          0          0         88   defsig_general.o
        80         58          0          0          0         76   defsig_rtmem_inner.o
        14          0          0          0          0         80   defsig_rtmem_outer.o
        52         38          0          0          0         76   defsig_rtred_inner.o
        14          0          0          0          0         80   defsig_rtred_outer.o
        18          0          0          0          0         80   exit.o
        76          0          0          0          0         88   fclose.o
         8          0          0          0          0         68   ferror.o
       236          4          0          0          0        128   fopen.o
       248          6          0          0          0         84   fseek.o
        66          0          0          0          0         76   ftell.o
        94          0          0          0          0         80   h1_alloc.o
        52          0          0          0          0         68   h1_extend.o
        78          0          0          0          0         80   h1_free.o
        14          0          0          0          0         84   h1_init.o
         6          0          0          0          0        152   heapauxi.o
         4          0          0          0          0        136   hguard.o
         0          0          0          0          0          0   indicate_semi.o
       138          0          0          0          0        168   init_alloc.o
       312         46          0          0          0        112   initio.o
        44         10         28          0          0         76   lc_numeric_c.o
         2          0          0          0          0          0   libinit.o
        30          0          0          0          0          0   libinit2.o
         2          0          0          0          0          0   libshutdown.o
         6          0          0          0          0          0   libshutdown2.o
         8          4          0          0         96         68   libspace.o
       138          0          0          0          0         80   lludiv10.o
         0          0          0          0          0          0   maybetermalloc1.o
        24          4          0          0          0         84   noretval__2printf.o
         8          4          0          0          0         68   rt_errno_addr_intlibspace.o
         8          4          0          0          0         68   rt_heap_descriptor_intlibspace.o
         8          4          0          0          0         68   rt_locale_intlibspace.o
        78          0          0          0          0         80   rt_memclr_w.o
         2          0          0          0          0          0   rtexit.o
        10          0          0          0          0          0   rtexit2.o
        70          0          0          0          0         80   setvbuf.o
       240          6          0          0          0        156   stdio.o
         0          0          0         12        252          0   stdio_streams.o
       128          0          0          0          0         68   strcmpv7m.o
        62          0          0          0          0         76   strlen.o
        12          4          0          0          0         68   sys_exit.o
       102          0         12          0          0        240   sys_io.o
        74          0          0          0          0         80   sys_stackheap_outer.o
        14          0          0          0          0         76   sys_wrch.o
         2          0          0          0          0         68   use_no_semi.o
        12          0          0          0          0         68   dretinf.o
        86          4          0          0          0         84   f2d.o
       388         76          0          0          0         96   fdiv.o
        38          0          0          0          0         68   fflt_clz.o
       258          4          0          0          0         84   fmul.o
       140          4          0          0          0         84   fnaninf.o
        10          0          0          0          0         68   fretinf.o
         4          0          0          0          0         68   printf1.o
         0          0          0          0          0          0   usenofp.o
        40          0          0          0          0         68   fpclassify.o

    ----------------------------------------------------------------------
      7884        462        188         12        348       5712   Library Totals
        24          0          0          0          0          0   (incl. Padding)

    ----------------------------------------------------------------------

      Code (inc. data)   RO Data    RW Data    ZI Data      Debug   Library Name

      6884        374        188         12        348       5024   c_w.l
       936         88          0          0          0        620   fz_ws.l
        40          0          0          0          0         68   m_ws.l

    ----------------------------------------------------------------------
      7884        462        188         12        348       5712   Library Totals

    ----------------------------------------------------------------------

==============================================================================


      Code (inc. data)   RO Data    RW Data    ZI Data      Debug   

     13120        854        516         28       2004     477188   Grand Totals
     13120        854        516         28       2004     477188   ELF Image Totals
     13120        854        516         28          0          0   ROM Totals

==============================================================================

    Total RO  Size (Code + RO Data)                13636 (  13.32kB)
    Total RW  Size (RW Data + ZI Data)              2032 (   1.98kB)
    Total ROM Size (Code + RO Data + RW Data)      13664 (  13.34kB)

==============================================================================

